Archive member included to satisfy reference by file (symbol)

d:/stm32/gcc-arm-none-eabi-9-2019-q4-major-win32/bin/../lib/gcc/arm-none-eabi/9.2.1/thumb/v7-m/nofp\libgcc.a(_arm_addsubdf3.o)
                              CMakeFiles/DHT11.elf.dir/Src/bh1750.c.obj (__aeabi_f2d)
d:/stm32/gcc-arm-none-eabi-9-2019-q4-major-win32/bin/../lib/gcc/arm-none-eabi/9.2.1/thumb/v7-m/nofp\libgcc.a(_arm_muldivdf3.o)
                              CMakeFiles/DHT11.elf.dir/Src/bh1750.c.obj (__aeabi_ddiv)
d:/stm32/gcc-arm-none-eabi-9-2019-q4-major-win32/bin/../lib/gcc/arm-none-eabi/9.2.1/thumb/v7-m/nofp\libgcc.a(_arm_fixunsdfsi.o)
                              CMakeFiles/DHT11.elf.dir/Src/bh1750.c.obj (__aeabi_d2uiz)
d:/stm32/gcc-arm-none-eabi-9-2019-q4-major-win32/bin/../lib/gcc/arm-none-eabi/9.2.1/thumb/v7-m/nofp\libgcc.a(_arm_addsubsf3.o)
                              CMakeFiles/DHT11.elf.dir/Src/bh1750.c.obj (__aeabi_ui2f)
d:/stm32/gcc-arm-none-eabi-9-2019-q4-major-win32/bin/../lib/gcc/arm-none-eabi/9.2.1/../../../../arm-none-eabi/lib/thumb/v7-m/nofp\libg.a(lib_a-errno.o)
                              CMakeFiles/DHT11.elf.dir/Src/syscalls.c.obj (__errno)
d:/stm32/gcc-arm-none-eabi-9-2019-q4-major-win32/bin/../lib/gcc/arm-none-eabi/9.2.1/../../../../arm-none-eabi/lib/thumb/v7-m/nofp\libg.a(lib_a-exit.o)
                              d:/stm32/gcc-arm-none-eabi-9-2019-q4-major-win32/bin/../lib/gcc/arm-none-eabi/9.2.1/../../../../arm-none-eabi/lib/thumb/v7-m/nofp/crt0.o (exit)
d:/stm32/gcc-arm-none-eabi-9-2019-q4-major-win32/bin/../lib/gcc/arm-none-eabi/9.2.1/../../../../arm-none-eabi/lib/thumb/v7-m/nofp\libg.a(lib_a-impure.o)
                              d:/stm32/gcc-arm-none-eabi-9-2019-q4-major-win32/bin/../lib/gcc/arm-none-eabi/9.2.1/../../../../arm-none-eabi/lib/thumb/v7-m/nofp\libg.a(lib_a-exit.o) (_global_impure_ptr)
d:/stm32/gcc-arm-none-eabi-9-2019-q4-major-win32/bin/../lib/gcc/arm-none-eabi/9.2.1/../../../../arm-none-eabi/lib/thumb/v7-m/nofp\libg.a(lib_a-init.o)
                              d:/stm32/gcc-arm-none-eabi-9-2019-q4-major-win32/bin/../lib/gcc/arm-none-eabi/9.2.1/../../../../arm-none-eabi/lib/thumb/v7-m/nofp/crt0.o (__libc_init_array)
d:/stm32/gcc-arm-none-eabi-9-2019-q4-major-win32/bin/../lib/gcc/arm-none-eabi/9.2.1/../../../../arm-none-eabi/lib/thumb/v7-m/nofp\libg.a(lib_a-memset.o)
                              d:/stm32/gcc-arm-none-eabi-9-2019-q4-major-win32/bin/../lib/gcc/arm-none-eabi/9.2.1/../../../../arm-none-eabi/lib/thumb/v7-m/nofp/crt0.o (memset)
d:/stm32/gcc-arm-none-eabi-9-2019-q4-major-win32/bin/../lib/gcc/arm-none-eabi/9.2.1/../../../../arm-none-eabi/lib/thumb/v7-m/nofp\libg.a(lib_a-printf.o)
                              CMakeFiles/DHT11.elf.dir/Src/main.c.obj (printf)
d:/stm32/gcc-arm-none-eabi-9-2019-q4-major-win32/bin/../lib/gcc/arm-none-eabi/9.2.1/../../../../arm-none-eabi/lib/thumb/v7-m/nofp\libg.a(lib_a-vfprintf.o)
                              d:/stm32/gcc-arm-none-eabi-9-2019-q4-major-win32/bin/../lib/gcc/arm-none-eabi/9.2.1/../../../../arm-none-eabi/lib/thumb/v7-m/nofp\libg.a(lib_a-printf.o) (_vfprintf_r)
d:/stm32/gcc-arm-none-eabi-9-2019-q4-major-win32/bin/../lib/gcc/arm-none-eabi/9.2.1/../../../../arm-none-eabi/lib/thumb/v7-m/nofp\libg.a(lib_a-wsetup.o)
                              d:/stm32/gcc-arm-none-eabi-9-2019-q4-major-win32/bin/../lib/gcc/arm-none-eabi/9.2.1/../../../../arm-none-eabi/lib/thumb/v7-m/nofp\libg.a(lib_a-vfprintf.o) (__swsetup_r)
d:/stm32/gcc-arm-none-eabi-9-2019-q4-major-win32/bin/../lib/gcc/arm-none-eabi/9.2.1/../../../../arm-none-eabi/lib/thumb/v7-m/nofp\libg.a(lib_a-__call_atexit.o)
                              d:/stm32/gcc-arm-none-eabi-9-2019-q4-major-win32/bin/../lib/gcc/arm-none-eabi/9.2.1/../../../../arm-none-eabi/lib/thumb/v7-m/nofp\libg.a(lib_a-exit.o) (__call_exitprocs)
d:/stm32/gcc-arm-none-eabi-9-2019-q4-major-win32/bin/../lib/gcc/arm-none-eabi/9.2.1/../../../../arm-none-eabi/lib/thumb/v7-m/nofp\libg.a(lib_a-atexit.o)
                              d:/stm32/gcc-arm-none-eabi-9-2019-q4-major-win32/bin/../lib/gcc/arm-none-eabi/9.2.1/../../../../arm-none-eabi/lib/thumb/v7-m/nofp\libg.a(lib_a-__call_atexit.o) (atexit)
d:/stm32/gcc-arm-none-eabi-9-2019-q4-major-win32/bin/../lib/gcc/arm-none-eabi/9.2.1/../../../../arm-none-eabi/lib/thumb/v7-m/nofp\libg.a(lib_a-dtoa.o)
                              d:/stm32/gcc-arm-none-eabi-9-2019-q4-major-win32/bin/../lib/gcc/arm-none-eabi/9.2.1/../../../../arm-none-eabi/lib/thumb/v7-m/nofp\libg.a(lib_a-vfprintf.o) (_dtoa_r)
d:/stm32/gcc-arm-none-eabi-9-2019-q4-major-win32/bin/../lib/gcc/arm-none-eabi/9.2.1/../../../../arm-none-eabi/lib/thumb/v7-m/nofp\libg.a(lib_a-fflush.o)
                              d:/stm32/gcc-arm-none-eabi-9-2019-q4-major-win32/bin/../lib/gcc/arm-none-eabi/9.2.1/../../../../arm-none-eabi/lib/thumb/v7-m/nofp\libg.a(lib_a-vfprintf.o) (_fflush_r)
d:/stm32/gcc-arm-none-eabi-9-2019-q4-major-win32/bin/../lib/gcc/arm-none-eabi/9.2.1/../../../../arm-none-eabi/lib/thumb/v7-m/nofp\libg.a(lib_a-findfp.o)
[...]
Memory Configuration

Name             Origin             Length             Attributes
RAM              0x20000000         0x00010000         xrw
FLASH            0x08000000         0x00080000         xr
*default*        0x00000000         0xffffffff

Linker script and memory map

LOAD d:/stm32/gcc-arm-none-eabi-9-2019-q4-major-win32/bin/../lib/gcc/arm-none-eabi/9.2.1/thumb/v7-m/nofp/crti.o
LOAD d:/stm32/gcc-arm-none-eabi-9-2019-q4-major-win32/bin/../lib/gcc/arm-none-eabi/9.2.1/thumb/v7-m/nofp/crtbegin.o
LOAD d:/stm32/gcc-arm-none-eabi-9-2019-q4-major-win32/bin/../lib/gcc/arm-none-eabi/9.2.1/../../../../arm-none-eabi/lib/thumb/v7-m/nofp/crt0.o
LOAD CMakeFiles/DHT11.elf.dir/Drivers/STM32F1xx_HAL_Driver/Src/stm32f1xx_hal.c.obj
LOAD CMakeFiles/DHT11.elf.dir/Drivers/STM32F1xx_HAL_Driver/Src/stm32f1xx_hal_cortex.c.obj
LOAD CMakeFiles/DHT11.elf.dir/Drivers/STM32F1xx_HAL_Driver/Src/stm32f1xx_hal_dma.c.obj
LOAD CMakeFiles/DHT11.elf.dir/Drivers/STM32F1xx_HAL_Driver/Src/stm32f1xx_hal_exti.c.obj
LOAD CMakeFiles/DHT11.elf.dir/Drivers/STM32F1xx_HAL_Driver/Src/stm32f1xx_hal_flash.c.obj
LOAD CMakeFiles/DHT11.elf.dir/Drivers/STM32F1xx_HAL_Driver/Src/stm32f1xx_hal_flash_ex.c.obj
LOAD CMakeFiles/DHT11.elf.dir/Drivers/STM32F1xx_HAL_Driver/Src/stm32f1xx_hal_gpio.c.obj
LOAD CMakeFiles/DHT11.elf.dir/Drivers/STM32F1xx_HAL_Driver/Src/stm32f1xx_hal_gpio_ex.c.obj
LOAD CMakeFiles/DHT11.elf.dir/Drivers/STM32F1xx_HAL_Driver/Src/stm32f1xx_hal_i2c.c.obj
LOAD CMakeFiles/DHT11.elf.dir/Drivers/STM32F1xx_HAL_Driver/Src/stm32f1xx_hal_pwr.c.obj
LOAD CMakeFiles/DHT11.elf.dir/Drivers/STM32F1xx_HAL_Driver/Src/stm32f1xx_hal_rcc.c.obj
LOAD CMakeFiles/DHT11.elf.dir/Drivers/STM32F1xx_HAL_Driver/Src/stm32f1xx_hal_rcc_ex.c.obj
LOAD CMakeFiles/DHT11.elf.dir/Drivers/STM32F1xx_HAL_Driver/Src/stm32f1xx_hal_tim.c.obj
LOAD CMakeFiles/DHT11.elf.dir/Drivers/STM32F1xx_HAL_Driver/Src/stm32f1xx_hal_tim_ex.c.obj
LOAD CMakeFiles/DHT11.elf.dir/Drivers/STM32F1xx_HAL_Driver/Src/stm32f1xx_hal_uart.c.obj
LOAD CMakeFiles/DHT11.elf.dir/Src/bh1750.c.obj
LOAD CMakeFiles/DHT11.elf.dir/Src/dht11.c.obj
LOAD CMakeFiles/DHT11.elf.dir/Src/gpio.c.obj
LOAD CMakeFiles/DHT11.elf.dir/Src/i2c.c.obj
LOAD CMakeFiles/DHT11.elf.dir/Src/main.c.obj
LOAD CMakeFiles/DHT11.elf.dir/Src/stm32f1xx_hal_msp.c.obj
LOAD CMakeFiles/DHT11.elf.dir/Src/stm32f1xx_it.c.obj
LOAD CMakeFiles/DHT11.elf.dir/Src/syscalls.c.obj
LOAD CMakeFiles/DHT11.elf.dir/Src/system_stm32f1xx.c.obj
LOAD CMakeFiles/DHT11.elf.dir/Src/tim.c.obj
LOAD CMakeFiles/DHT11.elf.dir/Src/usart.c.obj
LOAD CMakeFiles/DHT11.elf.dir/startup/startup_stm32f103xe.s.obj
START GROUP
LOAD d:/stm32/gcc-arm-none-eabi-9-2019-q4-major-win32/bin/../lib/gcc/arm-none-eabi/9.2.1/thumb/v7-m/nofp\libgcc.a
LOAD d:/stm32/gcc-arm-none-eabi-9-2019-q4-major-win32/bin/../lib/gcc/arm-none-eabi/9.2.1/../../../../arm-none-eabi/lib/thumb/v7-m/nofp\libg.a
LOAD d:/stm32/gcc-arm-none-eabi-9-2019-q4-major-win32/bin/../lib/gcc/arm-none-eabi/9.2.1/../../../../arm-none-eabi/lib/thumb/v7-m/nofp\libc.a
END GROUP
LOAD d:/stm32/gcc-arm-none-eabi-9-2019-q4-major-win32/bin/../lib/gcc/arm-none-eabi/9.2.1/thumb/v7-m/nofp/crtend.o
LOAD d:/stm32/gcc-arm-none-eabi-9-2019-q4-major-win32/bin/../lib/gcc/arm-none-eabi/9.2.1/thumb/v7-m/nofp/crtn.o
                0x20010000                _estack = (ORIGIN (RAM) + LENGTH (RAM))
                0x00000200                _Min_Heap_Size = 0x200
                0x00000400                _Min_Stack_Size = 0x400

.isr_vector     0x08000000      0x1e4
                0x08000000                . = ALIGN (0x4)
 *(.isr_vector)
 .isr_vector    0x08000000      0x1e4 CMakeFiles/DHT11.elf.dir/startup/startup_stm32f103xe.s.obj
                0x08000000                g_pfnVectors
                0x080001e4                . = ALIGN (0x4)

.text           0x080001e8     0x7bcc
                0x080001e8                . = ALIGN (0x4)
 *(.text)
 .text          0x080001e8       0x40 d:/stm32/gcc-arm-none-eabi-9-2019-q4-major-win32/bin/../lib/gcc/arm-none-eabi/9.2.1/thumb/v7-m/nofp/crtbegin.o
 .text          0x08000228      0x378 d:/stm32/gcc-arm-none-eabi-9-2019-q4-major-win32/bin/../lib/gcc/arm-none-eabi/9.2.1/thumb/v7-m/nofp\libgcc.a(_arm_addsubdf3.o)
                0x08000228                __aeabi_drsub
                0x08000230                __aeabi_dsub
                0x08000230                __subdf3
                0x08000234                __aeabi_dadd
                0x08000234                __adddf3
                0x080004ac                __floatunsidf
                0x080004ac                __aeabi_ui2d
                0x080004cc                __floatsidf
                0x080004cc                __aeabi_i2d
                0x080004f0                __aeabi_f2d
                0x080004f0                __extendsfdf2
                0x08000534                __floatundidf
                0x08000534                __aeabi_ul2d
                0x08000544                __floatdidf
                0x08000544                __aeabi_l2d
 .text          0x080005a0      0x424 d:/stm32/gcc-arm-none-eabi-9-2019-q4-major-win32/bin/../lib/gcc/arm-none-eabi/9.2.1/thumb/v7-m/nofp\libgcc.a(_arm_muldivdf3.o)
                0x080005a0                __aeabi_dmul
                0x080005a0                __muldf3
                0x080007f4                __divdf3
                0x080007f4                __aeabi_ddiv
 .text          0x080009c4       0x40 d:/stm32/gcc-arm-none-eabi-9-2019-q4-major-win32/bin/../lib/gcc/arm-none-eabi/9.2.1/thumb/v7-m/nofp\libgcc.a(_arm_fixunsdfsi.o)
                0x080009c4                __aeabi_d2uiz
                0x080009c4                __fixunsdfsi
 .text          0x08000a04      0x21c d:/stm32/gcc-arm-none-eabi-9-2019-q4-major-win32/bin/../lib/gcc/arm-none-eabi/9.2.1/thumb/v7-m/nofp\libgcc.a(_arm_addsubsf3.o)
                0x08000a04                __aeabi_frsub
                0x08000a0c                __subsf3
                0x08000a0c                __aeabi_fsub
                0x08000a10                __aeabi_fadd
                0x08000a10                __addsf3
                0x08000b70                __aeabi_ui2f
                0x08000b70                __floatunsisf
                0x08000b78                __aeabi_i2f
                0x08000b78                __floatsisf
                0x08000b94                __aeabi_ul2f
                0x08000b94                __floatundisf
                0x08000ba4                __aeabi_l2f
                0x08000ba4                __floatdisf
 .text          0x08000c20       0xec d:/stm32/gcc-arm-none-eabi-9-2019-q4-major-win32/bin/../lib/gcc/arm-none-eabi/9.2.1/../../../../arm-none-eabi/lib/thumb/v7-m/nofp\libg.a(lib_a-memcpy.o)
                0x08000c20                memcpy
 .text          0x08000d0c      0x110 d:/stm32/gcc-arm-none-eabi-9-2019-q4-major-win32/bin/../lib/gcc/arm-none-eabi/9.2.1/thumb/v7-m/nofp\libgcc.a(_arm_cmpdf2.o)
                0x08000d0c                __gtdf2
                0x08000d0c                __gedf2
                0x08000d14                __ltdf2
                0x08000d14                __ledf2
                0x08000d1c                __nedf2
                0x08000d1c                __eqdf2
                0x08000d1c                __cmpdf2
                0x08000d98                __aeabi_cdrcmple
                0x08000da8                __aeabi_cdcmpeq
                0x08000da8                __aeabi_cdcmple
                0x08000db8                __aeabi_dcmpeq
                0x08000dcc                __aeabi_dcmplt
                0x08000de0                __aeabi_dcmple
                0x08000df4                __aeabi_dcmpge
                0x08000e08                __aeabi_dcmpgt
 .text          0x08000e1c       0x2c d:/stm32/gcc-arm-none-eabi-9-2019-q4-major-win32/bin/../lib/gcc/arm-none-eabi/9.2.1/thumb/v7-m/nofp\libgcc.a(_arm_unorddf2.o)
                0x08000e1c                __unorddf2
                0x08000e1c                __aeabi_dcmpun
 .text          0x08000e48       0x50 d:/stm32/gcc-arm-none-eabi-9-2019-q4-major-win32/bin/../lib/gcc/arm-none-eabi/9.2.1/thumb/v7-m/nofp\libgcc.a(_arm_fixdfsi.o)
                0x08000e48                __aeabi_d2iz
                0x08000e48                __fixdfsi
 .text          0x08000e98       0x30 d:/stm32/gcc-arm-none-eabi-9-2019-q4-major-win32/bin/../lib/gcc/arm-none-eabi/9.2.1/thumb/v7-m/nofp\libgcc.a(_aeabi_uldivmod.o)
                0x08000e98                __aeabi_uldivmod
 .text          0x08000ec8      0x2c4 d:/stm32/gcc-arm-none-eabi-9-2019-q4-major-win32/bin/../lib/gcc/arm-none-eabi/9.2.1/thumb/v7-m/nofp\libgcc.a(_udivmoddi4.o)
                0x08000ec8                __udivmoddi4
 .text          0x0800118c        0x4 d:/stm32/gcc-arm-none-eabi-9-2019-q4-major-win32/bin/../lib/gcc/arm-none-eabi/9.2.1/thumb/v7-m/nofp\libgcc.a(_dvmd_tls.o)
                0x0800118c                __aeabi_idiv0
                0x0800118c                __aeabi_ldiv0
 *(.text*)
 .text.HAL_InitTick
                0x08001190       0x4c CMakeFiles/DHT11.elf.dir/Drivers/STM32F1xx_HAL_Driver/Src/stm32f1xx_hal.c.obj
                0x08001190                HAL_InitTick
 .text.HAL_Init
                0x080011dc       0x24 CMakeFiles/DHT11.elf.dir/Drivers/STM32F1xx_HAL_Driver/Src/stm32f1xx_hal.c.obj
                0x080011dc                HAL_Init
 .text.HAL_IncTick
                0x08001200       0x18 CMakeFiles/DHT11.elf.dir/Drivers/STM32F1xx_HAL_Driver/Src/stm32f1xx_hal.c.obj
                0x08001200                HAL_IncTick
 .text.HAL_GetTick
                0x08001218        0xc CMakeFiles/DHT11.elf.dir/Drivers/STM32F1xx_HAL_Driver/Src/stm32f1xx_hal.c.obj
                0x08001218                HAL_GetTick
 .text.HAL_Delay
                0x08001224       0x28 CMakeFiles/DHT11.elf.dir/Drivers/STM32F1xx_HAL_Driver/Src/stm32f1xx_hal.c.obj
                0x08001224                HAL_Delay
 .text.HAL_NVIC_SetPriorityGrouping
                0x0800124c       0x24 CMakeFiles/DHT11.elf.dir/Drivers/STM32F1xx_HAL_Driver/Src/stm32f1xx_hal_cortex.c.obj
                0x0800124c                HAL_NVIC_SetPriorityGrouping
 .text.HAL_NVIC_SetPriority
                0x08001270       0x68 CMakeFiles/DHT11.elf.dir/Drivers/STM32F1xx_HAL_Driver/Src/stm32f1xx_hal_cortex.c.obj
                0x08001270                HAL_NVIC_SetPriority
 .text.HAL_SYSTICK_Config
                0x080012d8       0x2c CMakeFiles/DHT11.elf.dir/Drivers/STM32F1xx_HAL_Driver/Src/stm32f1xx_hal_cortex.c.obj
                0x080012d8                HAL_SYSTICK_Config
 .text.HAL_GPIO_Init
                0x08001304      0x238 CMakeFiles/DHT11.elf.dir/Drivers/STM32F1xx_HAL_Driver/Src/stm32f1xx_hal_gpio.c.obj
                0x08001304                HAL_GPIO_Init
 .text.HAL_GPIO_ReadPin
                0x0800153c        0xe CMakeFiles/DHT11.elf.dir/Drivers/STM32F1xx_HAL_Driver/Src/stm32f1xx_hal_gpio.c.obj
                0x0800153c                HAL_GPIO_ReadPin
 .text.HAL_GPIO_WritePin
                0x0800154a        0xc CMakeFiles/DHT11.elf.dir/Drivers/STM32F1xx_HAL_Driver/Src/stm32f1xx_hal_gpio.c.obj
                0x0800154a                HAL_GPIO_WritePin
 *fill*         0x08001556        0x2 
 .text.HAL_I2C_Init
                0x08001558      0x1bc CMakeFiles/DHT11.elf.dir/Drivers/STM32F1xx_HAL_Driver/Src/stm32f1xx_hal_i2c.c.obj
                0x08001558                HAL_I2C_Init
 .text.RCC_Delay
                0x08001714       0x2c CMakeFiles/DHT11.elf.dir/Drivers/STM32F1xx_HAL_Driver/Src/stm32f1xx_hal_rcc.c.obj
 .text.HAL_RCC_OscConfig
                0x08001740      0x410 CMakeFiles/DHT11.elf.dir/Drivers/STM32F1xx_HAL_Driver/Src/stm32f1xx_hal_rcc.c.obj
                0x08001740                HAL_RCC_OscConfig
 .text.HAL_RCC_GetSysClockFreq
                0x08001b50       0x54 CMakeFiles/DHT11.elf.dir/Drivers/STM32F1xx_HAL_Driver/Src/stm32f1xx_hal_rcc.c.obj
                0x08001b50                HAL_RCC_GetSysClockFreq
 .text.HAL_RCC_ClockConfig
                0x08001ba4      0x16c CMakeFiles/DHT11.elf.dir/Drivers/STM32F1xx_HAL_Driver/Src/stm32f1xx_hal_rcc.c.obj
                0x08001ba4                HAL_RCC_ClockConfig
 .text.HAL_RCC_GetHCLKFreq
                0x08001d10        0xc CMakeFiles/DHT11.elf.dir/Drivers/STM32F1xx_HAL_Driver/Src/stm32f1xx_hal_rcc.c.obj
                0x08001d10                HAL_RCC_GetHCLKFreq
 .text.HAL_RCC_GetPCLK1Freq
                0x08001d1c       0x20 CMakeFiles/DHT11.elf.dir/Drivers/STM32F1xx_HAL_Driver/Src/stm32f1xx_hal_rcc.c.obj
                0x08001d1c                HAL_RCC_GetPCLK1Freq
 .text.HAL_RCC_GetPCLK2Freq
                0x08001d3c       0x20 CMakeFiles/DHT11.elf.dir/Drivers/STM32F1xx_HAL_Driver/Src/stm32f1xx_hal_rcc.c.obj
                0x08001d3c                HAL_RCC_GetPCLK2Freq
 .text.TIM_TI1_ConfigInputStage
                0x08001d5c       0x24 CMakeFiles/DHT11.elf.dir/Drivers/STM32F1xx_HAL_Driver/Src/stm32f1xx_hal_tim.c.obj
 .text.TIM_TI2_ConfigInputStage
                0x08001d80       0x26 CMakeFiles/DHT11.elf.dir/Drivers/STM32F1xx_HAL_Driver/Src/stm32f1xx_hal_tim.c.obj
 .text.TIM_ITRx_SetConfig
                0x08001da6       0x10 CMakeFiles/DHT11.elf.dir/Drivers/STM32F1xx_HAL_Driver/Src/stm32f1xx_hal_tim.c.obj
 *fill*         0x08001db6        0x2 
 .text.TIM_Base_SetConfig
                0x08001db8       0x98 CMakeFiles/DHT11.elf.dir/Drivers/STM32F1xx_HAL_Driver/Src/stm32f1xx_hal_tim.c.obj
                0x08001db8                TIM_Base_SetConfig
 .text.HAL_TIM_Base_Init
                0x08001e50       0x58 CMakeFiles/DHT11.elf.dir/Drivers/STM32F1xx_HAL_Driver/Src/stm32f1xx_hal_tim.c.obj
                0x08001e50                HAL_TIM_Base_Init
 .text.TIM_ETR_SetConfig
                0x08001ea8       0x16 CMakeFiles/DHT11.elf.dir/Drivers/STM32F1xx_HAL_Driver/Src/stm32f1xx_hal_tim.c.obj
                0x08001ea8                TIM_ETR_SetConfig
 .text.HAL_TIM_ConfigClockSource
                0x08001ebe       0xfe CMakeFiles/DHT11.elf.dir/Drivers/STM32F1xx_HAL_Driver/Src/stm32f1xx_hal_tim.c.obj
                0x08001ebe                HAL_TIM_ConfigClockSource
 .text.HAL_TIMEx_MasterConfigSynchronization
                0x08001fbc       0x78 CMakeFiles/DHT11.elf.dir/Drivers/STM32F1xx_HAL_Driver/Src/stm32f1xx_hal_tim_ex.c.obj
                0x08001fbc                HAL_TIMEx_MasterConfigSynchronization
 .text.UART_SetConfig
                0x08002034       0x90 CMakeFiles/DHT11.elf.dir/Drivers/STM32F1xx_HAL_Driver/Src/stm32f1xx_hal_uart.c.obj
 .text.UART_WaitOnFlagUntilTimeout
                0x080020c4       0x84 CMakeFiles/DHT11.elf.dir/Drivers/STM32F1xx_HAL_Driver/Src/stm32f1xx_hal_uart.c.obj
 .text.HAL_UART_Init
                0x08002148       0x60 CMakeFiles/DHT11.elf.dir/Drivers/STM32F1xx_HAL_Driver/Src/stm32f1xx_hal_uart.c.obj
                0x08002148                HAL_UART_Init
 .text.HAL_UART_Transmit
                0x080021a8       0xbe CMakeFiles/DHT11.elf.dir/Drivers/STM32F1xx_HAL_Driver/Src/stm32f1xx_hal_uart.c.obj
                0x080021a8                HAL_UART_Transmit
 *fill*         0x08002266        0x2 
 .text.BH1750_Start
                0x08002268       0x40 CMakeFiles/DHT11.elf.dir/Src/bh1750.c.obj
                0x08002268                BH1750_Start
 .text.BH1750_Stop
                0x080022a8       0x34 CMakeFiles/DHT11.elf.dir/Src/bh1750.c.obj
                0x080022a8                BH1750_Stop
 .text.BH1750_SendACK
                0x080022dc       0x60 CMakeFiles/DHT11.elf.dir/Src/bh1750.c.obj
                0x080022dc                BH1750_SendACK
 .text.BH1750_RecvACK
                0x0800233c       0x74 CMakeFiles/DHT11.elf.dir/Src/bh1750.c.obj
                0x0800233c                BH1750_RecvACK
 .text.BH1750_SendByte
                0x080023b0       0x5c CMakeFiles/DHT11.elf.dir/Src/bh1750.c.obj
                0x080023b0                BH1750_SendByte
 .text.Init_BH1750
                0x0800240c       0x18 CMakeFiles/DHT11.elf.dir/Src/bh1750.c.obj
                0x0800240c                Init_BH1750
 .text.Single_Write_BH1750
                0x08002424       0x1a CMakeFiles/DHT11.elf.dir/Src/bh1750.c.obj
                0x08002424                Single_Write_BH1750
 *fill*         0x0800243e        0x2 
 .text.BH1750_RecvByte
                0x08002440       0x80 CMakeFiles/DHT11.elf.dir/Src/bh1750.c.obj
                0x08002440                BH1750_RecvByte
 .text.mread    0x080024c0       0x44 CMakeFiles/DHT11.elf.dir/Src/bh1750.c.obj
                0x080024c0                mread
 .text.Value_GY30
                0x08002504       0x48 CMakeFiles/DHT11.elf.dir/Src/bh1750.c.obj
                0x08002504                Value_GY30
 .text.DHT11_OUT
                0x0800254c       0x28 CMakeFiles/DHT11.elf.dir/Src/dht11.c.obj
                0x0800254c                DHT11_OUT
 .text.DHT11_IN
                0x08002574       0x28 CMakeFiles/DHT11.elf.dir/Src/dht11.c.obj
                0x08002574                DHT11_IN
 .text.DHT11_Reset
                0x0800259c       0x34 CMakeFiles/DHT11.elf.dir/Src/dht11.c.obj
                0x0800259c                DHT11_Reset
 .text.DHT11_Check
                0x080025d0       0x5c CMakeFiles/DHT11.elf.dir/Src/dht11.c.obj
                0x080025d0                DHT11_Check
 .text.DHT11_Read_Bit
                0x0800262c       0x60 CMakeFiles/DHT11.elf.dir/Src/dht11.c.obj
                0x0800262c                DHT11_Read_Bit
 .text.DHT11_Read_Byte
                0x0800268c       0x1e CMakeFiles/DHT11.elf.dir/Src/dht11.c.obj
                0x0800268c                DHT11_Read_Byte
 .text.DHT11_Read_Data
                0x080026aa       0x5a CMakeFiles/DHT11.elf.dir/Src/dht11.c.obj
                0x080026aa                DHT11_Read_Data
 .text.MX_GPIO_Init
                0x08002704       0x68 CMakeFiles/DHT11.elf.dir/Src/gpio.c.obj
                0x08002704                MX_GPIO_Init
 .text.MX_I2C1_Init
                0x0800276c       0x3c CMakeFiles/DHT11.elf.dir/Src/i2c.c.obj
                0x0800276c                MX_I2C1_Init
 .text.HAL_I2C_MspInit
                0x080027a8       0x64 CMakeFiles/DHT11.elf.dir/Src/i2c.c.obj
                0x080027a8                HAL_I2C_MspInit
 .text.Error_Handler
                0x0800280c        0x4 CMakeFiles/DHT11.elf.dir/Src/main.c.obj
                0x0800280c                Error_Handler
 .text.SystemClock_Config
                0x08002810       0x62 CMakeFiles/DHT11.elf.dir/Src/main.c.obj
                0x08002810                SystemClock_Config
 *fill*         0x08002872        0x2 
 .text.main     0x08002874       0xa0 CMakeFiles/DHT11.elf.dir/Src/main.c.obj
                0x08002874                main
 .text.HAL_MspInit
                0x08002914       0x44 CMakeFiles/DHT11.elf.dir/Src/stm32f1xx_hal_msp.c.obj
                0x08002914                HAL_MspInit
 .text.NMI_Handler
                0x08002958        0x2 CMakeFiles/DHT11.elf.dir/Src/stm32f1xx_it.c.obj
                0x08002958                NMI_Handler
 .text.HardFault_Handler
                0x0800295a        0x2 CMakeFiles/DHT11.elf.dir/Src/stm32f1xx_it.c.obj
                0x0800295a                HardFault_Handler
 .text.MemManage_Handler
                0x0800295c        0x2 CMakeFiles/DHT11.elf.dir/Src/stm32f1xx_it.c.obj
                0x0800295c                MemManage_Handler
 .text.BusFault_Handler
                0x0800295e        0x2 CMakeFiles/DHT11.elf.dir/Src/stm32f1xx_it.c.obj
                0x0800295e                BusFault_Handler
 .text.UsageFault_Handler
                0x08002960        0x2 CMakeFiles/DHT11.elf.dir/Src/stm32f1xx_it.c.obj
                0x08002960                UsageFault_Handler
 .text.SVC_Handler
                0x08002962        0x2 CMakeFiles/DHT11.elf.dir/Src/stm32f1xx_it.c.obj
                0x08002962                SVC_Handler
 .text.DebugMon_Handler
                0x08002964        0x2 CMakeFiles/DHT11.elf.dir/Src/stm32f1xx_it.c.obj
                0x08002964                DebugMon_Handler
 .text.PendSV_Handler
                0x08002966        0x2 CMakeFiles/DHT11.elf.dir/Src/stm32f1xx_it.c.obj
                0x08002966                PendSV_Handler
 .text.SysTick_Handler
                0x08002968        0x8 CMakeFiles/DHT11.elf.dir/Src/stm32f1xx_it.c.obj
                0x08002968                SysTick_Handler
 .text._read    0x08002970       0x20 CMakeFiles/DHT11.elf.dir/Src/syscalls.c.obj
                0x08002970                _read
 .text._write   0x08002990       0x1c CMakeFiles/DHT11.elf.dir/Src/syscalls.c.obj
                0x08002990                _write
 .text._sbrk    0x080029ac       0x3c CMakeFiles/DHT11.elf.dir/Src/syscalls.c.obj
                0x080029ac                _sbrk
 .text._close   0x080029e8        0x6 CMakeFiles/DHT11.elf.dir/Src/syscalls.c.obj
                0x080029e8                _close
 .text._fstat   0x080029ee        0xa CMakeFiles/DHT11.elf.dir/Src/syscalls.c.obj
                0x080029ee                _fstat
 .text._isatty  0x080029f8        0x4 CMakeFiles/DHT11.elf.dir/Src/syscalls.c.obj
                0x080029f8                _isatty
 .text._lseek   0x080029fc        0x4 CMakeFiles/DHT11.elf.dir/Src/syscalls.c.obj
                0x080029fc                _lseek
 .text.SystemInit
                0x08002a00        0x2 CMakeFiles/DHT11.elf.dir/Src/system_stm32f1xx.c.obj
                0x08002a00                SystemInit
 *fill*         0x08002a02        0x2 
 .text.MX_TIM2_Init
                0x08002a04       0x6c CMakeFiles/DHT11.elf.dir/Src/tim.c.obj
                0x08002a04                MX_TIM2_Init
 .text.MX_TIM3_Init
                0x08002a70       0x70 CMakeFiles/DHT11.elf.dir/Src/tim.c.obj
                0x08002a70                MX_TIM3_Init
 .text.HAL_TIM_Base_MspInit
                0x08002ae0       0x4c CMakeFiles/DHT11.elf.dir/Src/tim.c.obj
                0x08002ae0                HAL_TIM_Base_MspInit
 .text.Delay_us
                0x08002b2c       0x60 CMakeFiles/DHT11.elf.dir/Src/tim.c.obj
                0x08002b2c                Delay_us
 .text.Delay_mms
                0x08002b8c       0x1c CMakeFiles/DHT11.elf.dir/Src/tim.c.obj
                0x08002b8c                Delay_mms
 .text.delay_us
                0x08002ba8       0x9e CMakeFiles/DHT11.elf.dir/Src/tim.c.obj
                0x08002ba8                delay_us
 *fill*         0x08002c46        0x2 
 .text.MX_USART1_UART_Init
                0x08002c48       0x34 CMakeFiles/DHT11.elf.dir/Src/usart.c.obj
                0x08002c48                MX_USART1_UART_Init
 .text.HAL_UART_MspInit
                0x08002c7c       0x78 CMakeFiles/DHT11.elf.dir/Src/usart.c.obj
                0x08002c7c                HAL_UART_MspInit
 .text.__io_putchar
                0x08002cf4       0x20 CMakeFiles/DHT11.elf.dir/Src/usart.c.obj
                0x08002cf4                __io_putchar
 .text.Reset_Handler
                0x08002d14       0x48 CMakeFiles/DHT11.elf.dir/startup/startup_stm32f103xe.s.obj
                0x08002d14                Reset_Handler
 .text.Default_Handler
                0x08002d5c        0x2 CMakeFiles/DHT11.elf.dir/startup/startup_stm32f103xe.s.obj
                0x08002d5c                RTC_Alarm_IRQHandler
                0x08002d5c                EXTI2_IRQHandler
                0x08002d5c                TIM8_TRG_COM_IRQHandler
                0x08002d5c                TIM8_CC_IRQHandler
                0x08002d5c                TIM1_CC_IRQHandler
                0x08002d5c                TIM6_IRQHandler
                0x08002d5c                PVD_IRQHandler
                0x08002d5c                SDIO_IRQHandler
                0x08002d5c                EXTI3_IRQHandler
                0x08002d5c                EXTI0_IRQHandler
                0x08002d5c                I2C2_EV_IRQHandler
                0x08002d5c                ADC1_2_IRQHandler
                0x08002d5c                SPI1_IRQHandler
                0x08002d5c                TAMPER_IRQHandler
                0x08002d5c                TIM8_UP_IRQHandler
                0x08002d5c                DMA2_Channel2_IRQHandler
                0x08002d5c                DMA1_Channel4_IRQHandler
                0x08002d5c                USART3_IRQHandler
                0x08002d5c                RTC_IRQHandler
                0x08002d5c                DMA1_Channel7_IRQHandler
                0x08002d5c                CAN1_RX1_IRQHandler
                0x08002d5c                UART5_IRQHandler
                0x08002d5c                ADC3_IRQHandler
                0x08002d5c                TIM4_IRQHandler
                0x08002d5c                DMA2_Channel1_IRQHandler
                0x08002d5c                I2C1_EV_IRQHandler
                0x08002d5c                DMA1_Channel6_IRQHandler
                0x08002d5c                UART4_IRQHandler
                0x08002d5c                TIM3_IRQHandler
                0x08002d5c                RCC_IRQHandler
                0x08002d5c                TIM1_TRG_COM_IRQHandler
                0x08002d5c                DMA1_Channel1_IRQHandler
                0x08002d5c                Default_Handler
                0x08002d5c                EXTI15_10_IRQHandler
                0x08002d5c                TIM7_IRQHandler
                0x08002d5c                TIM5_IRQHandler
                0x08002d5c                EXTI9_5_IRQHandler
                0x08002d5c                SPI2_IRQHandler
                0x08002d5c                DMA1_Channel5_IRQHandler
                0x08002d5c                EXTI4_IRQHandler
                0x08002d5c                USB_LP_CAN1_RX0_IRQHandler
                0x08002d5c                USB_HP_CAN1_TX_IRQHandler
                0x08002d5c                DMA1_Channel3_IRQHandler
                0x08002d5c                FSMC_IRQHandler
                0x08002d5c                TIM1_UP_IRQHandler
                0x08002d5c                WWDG_IRQHandler
                0x08002d5c                TIM2_IRQHandler
                0x08002d5c                TIM1_BRK_IRQHandler
                0x08002d5c                EXTI1_IRQHandler
                0x08002d5c                DMA2_Channel4_5_IRQHandler
                0x08002d5c                USART2_IRQHandler
                0x08002d5c                I2C2_ER_IRQHandler
                0x08002d5c                DMA1_Channel2_IRQHandler
                0x08002d5c                TIM8_BRK_IRQHandler
                0x08002d5c                CAN1_SCE_IRQHandler
                0x08002d5c                FLASH_IRQHandler
                0x08002d5c                USART1_IRQHandler
                0x08002d5c                SPI3_IRQHandler
                0x08002d5c                I2C1_ER_IRQHandler
                0x08002d5c                USBWakeUp_IRQHandler
                0x08002d5c                DMA2_Channel3_IRQHandler
 *fill*         0x08002d5e        0x2 
 .text.__errno  0x08002d60        0xc d:/stm32/gcc-arm-none-eabi-9-2019-q4-major-win32/bin/../lib/gcc/arm-none-eabi/9.2.1/../../../../arm-none-eabi/lib/thumb/v7-m/nofp\libg.a(lib_a-errno.o)
                0x08002d60                __errno
 .text.__libc_init_array
                0x08002d6c       0x48 d:/stm32/gcc-arm-none-eabi-9-2019-q4-major-win32/bin/../lib/gcc/arm-none-eabi/9.2.1/../../../../arm-none-eabi/lib/thumb/v7-m/nofp\libg.a(lib_a-init.o)
                0x08002d6c                __libc_init_array
 .text.memset   0x08002db4       0xa0 d:/stm32/gcc-arm-none-eabi-9-2019-q4-major-win32/bin/../lib/gcc/arm-none-eabi/9.2.1/../../../../arm-none-eabi/lib/thumb/v7-m/nofp\libg.a(lib_a-memset.o)
                0x08002db4                memset
 .text.printf   0x08002e54       0x28 d:/stm32/gcc-arm-none-eabi-9-2019-q4-major-win32/bin/../lib/gcc/arm-none-eabi/9.2.1/../../../../arm-none-eabi/lib/thumb/v7-m/nofp\libg.a(lib_a-printf.o)
                0x08002e54                printf
 .text._vfprintf_r
                0x08002e7c     0x1c18 d:/stm32/gcc-arm-none-eabi-9-2019-q4-major-win32/bin/../lib/gcc/arm-none-eabi/9.2.1/../../../../arm-none-eabi/lib/thumb/v7-m/nofp\libg.a(lib_a-vfprintf.o)
                0x08002e7c                _vfprintf_r
 .text.__sbprintf
                0x08004a94       0x88 d:/stm32/gcc-arm-none-eabi-9-2019-q4-major-win32/bin/../lib/gcc/arm-none-eabi/9.2.1/../../../../arm-none-eabi/lib/thumb/v7-m/nofp\libg.a(lib_a-vfprintf.o)
 .text.__swsetup_r
                0x08004b1c       0xd0 d:/stm32/gcc-arm-none-eabi-9-2019-q4-major-win32/bin/../lib/gcc/arm-none-eabi/9.2.1/../../../../arm-none-eabi/lib/thumb/v7-m/nofp\libg.a(lib_a-wsetup.o)
                0x08004b1c                __swsetup_r
 .text.startup.register_fini
                0x08004bec       0x14 d:/stm32/gcc-arm-none-eabi-9-2019-q4-major-win32/bin/../lib/gcc/arm-none-eabi/9.2.1/../../../../arm-none-eabi/lib/thumb/v7-m/nofp\libg.a(lib_a-__call_atexit.o)
 .text.atexit   0x08004c00        0xc d:/stm32/gcc-arm-none-eabi-9-2019-q4-major-win32/bin/../lib/gcc/arm-none-eabi/9.2.1/../../../../arm-none-eabi/lib/thumb/v7-m/nofp\libg.a(lib_a-atexit.o)
                0x08004c00                atexit
 .text.quorem   0x08004c0c      0x120 d:/stm32/gcc-arm-none-eabi-9-2019-q4-major-win32/bin/../lib/gcc/arm-none-eabi/9.2.1/../../../../arm-none-eabi/lib/thumb/v7-m/nofp\libg.a(lib_a-dtoa.o)
 *fill*         0x08004d2c        0x4 
 .text._dtoa_r  0x08004d30      0xe8c d:/stm32/gcc-arm-none-eabi-9-2019-q4-major-win32/bin/../lib/gcc/arm-none-eabi/9.2.1/../../../../arm-none-eabi/lib/thumb/v7-m/nofp\libg.a(lib_a-dtoa.o)
                0x08004d30                _dtoa_r
 .text.__sflush_r
                0x08005bbc      0x130 d:/stm32/gcc-arm-none-eabi-9-2019-q4-major-win32/bin/../lib/gcc/arm-none-eabi/9.2.1/../../../../arm-none-eabi/lib/thumb/v7-m/nofp\libg.a(lib_a-fflush.o)
                0x08005bbc                __sflush_r
 .text._fflush_r
                0x08005cec       0x5c d:/stm32/gcc-arm-none-eabi-9-2019-q4-major-win32/bin/../lib/gcc/arm-none-eabi/9.2.1/../../../../arm-none-eabi/lib/thumb/v7-m/nofp\libg.a(lib_a-fflush.o)
                0x08005cec                _fflush_r
 .text.std      0x08005d48       0x50 d:/stm32/gcc-arm-none-eabi-9-2019-q4-major-win32/bin/../lib/gcc/arm-none-eabi/9.2.1/../../../../arm-none-eabi/lib/thumb/v7-m/nofp\libg.a(lib_a-findfp.o)
 .text._cleanup_r
                0x08005d98        0xc d:/stm32/gcc-arm-none-eabi-9-2019-q4-major-win32/bin/../lib/gcc/arm-none-eabi/9.2.1/../../../../arm-none-eabi/lib/thumb/v7-m/nofp\libg.a(lib_a-findfp.o)
                0x08005d98                _cleanup_r
 .text.__sinit  0x08005da4       0x5c d:/stm32/gcc-arm-none-eabi-9-2019-q4-major-win32/bin/../lib/gcc/arm-none-eabi/9.2.1/../../../../arm-none-eabi/lib/thumb/v7-m/nofp\libg.a(lib_a-findfp.o)
                0x08005da4                __sinit
 .text.__sfp_lock_acquire
                0x08005e00        0xc d:/stm32/gcc-arm-none-eabi-9-2019-q4-major-win32/bin/../lib/gcc/arm-none-eabi/9.2.1/../../../../arm-none-eabi/lib/thumb/v7-m/nofp\libg.a(lib_a-findfp.o)
                0x08005e00                __sfp_lock_acquire
 .text.__sfp_lock_release
                0x08005e0c        0xc d:/stm32/gcc-arm-none-eabi-9-2019-q4-major-win32/bin/../lib/gcc/arm-none-eabi/9.2.1/../../../../arm-none-eabi/lib/thumb/v7-m/nofp\libg.a(lib_a-findfp.o)
                0x08005e0c                __sfp_lock_release
 .text.__libc_fini_array
                0x08005e18       0x2c d:/stm32/gcc-arm-none-eabi-9-2019-q4-major-win32/bin/../lib/gcc/arm-none-eabi/9.2.1/../../../../arm-none-eabi/lib/thumb/v7-m/nofp\libg.a(lib_a-fini.o)
                0x08005e18                __libc_fini_array
 .text._malloc_trim_r
                0x08005e44       0xa0 d:/stm32/gcc-arm-none-eabi-9-2019-q4-major-win32/bin/../lib/gcc/arm-none-eabi/9.2.1/../../../../arm-none-eabi/lib/thumb/v7-m/nofp\libg.a(lib_a-freer.o)
                0x08005e44                _malloc_trim_r
 .text._free_r  0x08005ee4      0x20c d:/stm32/gcc-arm-none-eabi-9-2019-q4-major-win32/bin/../lib/gcc/arm-none-eabi/9.2.1/../../../../arm-none-eabi/lib/thumb/v7-m/nofp\libg.a(lib_a-freer.o)
                0x08005ee4                _free_r
 .text._fwalk_reent
                0x080060f0       0x48 d:/stm32/gcc-arm-none-eabi-9-2019-q4-major-win32/bin/../lib/gcc/arm-none-eabi/9.2.1/../../../../arm-none-eabi/lib/thumb/v7-m/nofp\libg.a(lib_a-fwalk.o)
                0x080060f0                _fwalk_reent
 .text._localeconv_r
                0x08006138        0x8 d:/stm32/gcc-arm-none-eabi-9-2019-q4-major-win32/bin/../lib/gcc/arm-none-eabi/9.2.1/../../../../arm-none-eabi/lib/thumb/v7-m/nofp\libg.a(lib_a-localeconv.o)
                0x08006138                _localeconv_r
 .text.__retarget_lock_init_recursive
                0x08006140        0x4 d:/stm32/gcc-arm-none-eabi-9-2019-q4-major-win32/bin/../lib/gcc/arm-none-eabi/9.2.1/../../../../arm-none-eabi/lib/thumb/v7-m/nofp\libg.a(lib_a-lock.o)
                0x08006140                __retarget_lock_init_recursive
 .text.__retarget_lock_close_recursive
                0x08006144        0x4 d:/stm32/gcc-arm-none-eabi-9-2019-q4-major-win32/bin/../lib/gcc/arm-none-eabi/9.2.1/../../../../arm-none-eabi/lib/thumb/v7-m/nofp\libg.a(lib_a-lock.o)
                0x08006144                __retarget_lock_close_recursive
 .text.__retarget_lock_acquire_recursive
                0x08006148        0x4 d:/stm32/gcc-arm-none-eabi-9-2019-q4-major-win32/bin/../lib/gcc/arm-none-eabi/9.2.1/../../../../arm-none-eabi/lib/thumb/v7-m/nofp\libg.a(lib_a-lock.o)
                0x08006148                __retarget_lock_acquire_recursive
 .text.__retarget_lock_release_recursive
                0x0800614c        0x4 d:/stm32/gcc-arm-none-eabi-9-2019-q4-major-win32/bin/../lib/gcc/arm-none-eabi/9.2.1/../../../../arm-none-eabi/lib/thumb/v7-m/nofp\libg.a(lib_a-lock.o)
                0x0800614c                __retarget_lock_release_recursive
 .text.__swhatbuf_r
                0x08006150       0x5c d:/stm32/gcc-arm-none-eabi-9-2019-q4-major-win32/bin/../lib/gcc/arm-none-eabi/9.2.1/../../../../arm-none-eabi/lib/thumb/v7-m/nofp\libg.a(lib_a-makebuf.o)
                0x08006150                __swhatbuf_r
 .text.__smakebuf_r
                0x080061ac       0x94 d:/stm32/gcc-arm-none-eabi-9-2019-q4-major-win32/bin/../lib/gcc/arm-none-eabi/9.2.1/../../../../arm-none-eabi/lib/thumb/v7-m/nofp\libg.a(lib_a-makebuf.o)
                0x080061ac                __smakebuf_r
 .text._malloc_r
                0x08006240      0x55c d:/stm32/gcc-arm-none-eabi-9-2019-q4-major-win32/bin/../lib/gcc/arm-none-eabi/9.2.1/../../../../arm-none-eabi/lib/thumb/v7-m/nofp\libg.a(lib_a-mallocr.o)
                0x08006240                _malloc_r
 .text.memchr   0x0800679c       0x80 d:/stm32/gcc-arm-none-eabi-9-2019-q4-major-win32/bin/../lib/gcc/arm-none-eabi/9.2.1/../../../../arm-none-eabi/lib/thumb/v7-m/nofp\libg.a(lib_a-memchr-stub.o)
                0x0800679c                memchr
 .text.__malloc_lock
                0x0800681c        0xc d:/stm32/gcc-arm-none-eabi-9-2019-q4-major-win32/bin/../lib/gcc/arm-none-eabi/9.2.1/../../../../arm-none-eabi/lib/thumb/v7-m/nofp\libg.a(lib_a-mlock.o)
                0x0800681c                __malloc_lock
 .text.__malloc_unlock
                0x08006828        0xc d:/stm32/gcc-arm-none-eabi-9-2019-q4-major-win32/bin/../lib/gcc/arm-none-eabi/9.2.1/../../../../arm-none-eabi/lib/thumb/v7-m/nofp\libg.a(lib_a-mlock.o)
                0x08006828                __malloc_unlock
 .text._Balloc  0x08006834       0x4c d:/stm32/gcc-arm-none-eabi-9-2019-q4-major-win32/bin/../lib/gcc/arm-none-eabi/9.2.1/../../../../arm-none-eabi/lib/thumb/v7-m/nofp\libg.a(lib_a-mprec.o)
                0x08006834                _Balloc
 .text._Bfree   0x08006880       0x14 d:/stm32/gcc-arm-none-eabi-9-2019-q4-major-win32/bin/../lib/gcc/arm-none-eabi/9.2.1/../../../../arm-none-eabi/lib/thumb/v7-m/nofp\libg.a(lib_a-mprec.o)
                0x08006880                _Bfree
 .text.__multadd
                0x08006894       0x7c d:/stm32/gcc-arm-none-eabi-9-2019-q4-major-win32/bin/../lib/gcc/arm-none-eabi/9.2.1/../../../../arm-none-eabi/lib/thumb/v7-m/nofp\libg.a(lib_a-mprec.o)
                0x08006894                __multadd
 .text.__hi0bits
                0x08006910       0x40 d:/stm32/gcc-arm-none-eabi-9-2019-q4-major-win32/bin/../lib/gcc/arm-none-eabi/9.2.1/../../../../arm-none-eabi/lib/thumb/v7-m/nofp\libg.a(lib_a-mprec.o)
                0x08006910                __hi0bits
 .text.__lo0bits
                0x08006950       0x60 d:/stm32/gcc-arm-none-eabi-9-2019-q4-major-win32/bin/../lib/gcc/arm-none-eabi/9.2.1/../../../../arm-none-eabi/lib/thumb/v7-m/nofp\libg.a(lib_a-mprec.o)
                0x08006950                __lo0bits
 .text.__i2b    0x080069b0       0x14 d:/stm32/gcc-arm-none-eabi-9-2019-q4-major-win32/bin/../lib/gcc/arm-none-eabi/9.2.1/../../../../arm-none-eabi/lib/thumb/v7-m/nofp\libg.a(lib_a-mprec.o)
                0x080069b0                __i2b
 .text.__multiply
                0x080069c4      0x144 d:/stm32/gcc-arm-none-eabi-9-2019-q4-major-win32/bin/../lib/gcc/arm-none-eabi/9.2.1/../../../../arm-none-eabi/lib/thumb/v7-m/nofp\libg.a(lib_a-mprec.o)
                0x080069c4                __multiply
 .text.__pow5mult
                0x08006b08       0xa0 d:/stm32/gcc-arm-none-eabi-9-2019-q4-major-win32/bin/../lib/gcc/arm-none-eabi/9.2.1/../../../../arm-none-eabi/lib/thumb/v7-m/nofp\libg.a(lib_a-mprec.o)
                0x08006b08                __pow5mult
 .text.__lshift
                0x08006ba8       0xd0 d:/stm32/gcc-arm-none-eabi-9-2019-q4-major-win32/bin/../lib/gcc/arm-none-eabi/9.2.1/../../../../arm-none-eabi/lib/thumb/v7-m/nofp\libg.a(lib_a-mprec.o)
                0x08006ba8                __lshift
 .text.__mcmp   0x08006c78       0x3c d:/stm32/gcc-arm-none-eabi-9-2019-q4-major-win32/bin/../lib/gcc/arm-none-eabi/9.2.1/../../../../arm-none-eabi/lib/thumb/v7-m/nofp\libg.a(lib_a-mprec.o)
                0x08006c78                __mcmp
 .text.__mdiff  0x08006cb4      0x138 d:/stm32/gcc-arm-none-eabi-9-2019-q4-major-win32/bin/../lib/gcc/arm-none-eabi/9.2.1/../../../../arm-none-eabi/lib/thumb/v7-m/nofp\libg.a(lib_a-mprec.o)
                0x08006cb4                __mdiff
 .text.__d2b    0x08006dec       0xa8 d:/stm32/gcc-arm-none-eabi-9-2019-q4-major-win32/bin/../lib/gcc/arm-none-eabi/9.2.1/../../../../arm-none-eabi/lib/thumb/v7-m/nofp\libg.a(lib_a-mprec.o)
                0x08006dec                __d2b
 .text.frexp    0x08006e94       0x70 d:/stm32/gcc-arm-none-eabi-9-2019-q4-major-win32/bin/../lib/gcc/arm-none-eabi/9.2.1/../../../../arm-none-eabi/lib/thumb/v7-m/nofp\libg.a(lib_a-s_frexp.o)
                0x08006e94                frexp
 .text._sbrk_r  0x08006f04       0x24 d:/stm32/gcc-arm-none-eabi-9-2019-q4-major-win32/bin/../lib/gcc/arm-none-eabi/9.2.1/../../../../arm-none-eabi/lib/thumb/v7-m/nofp\libg.a(lib_a-sbrkr.o)
                0x08006f04                _sbrk_r
 .text.__sread  0x08006f28       0x24 d:/stm32/gcc-arm-none-eabi-9-2019-q4-major-win32/bin/../lib/gcc/arm-none-eabi/9.2.1/../../../../arm-none-eabi/lib/thumb/v7-m/nofp\libg.a(lib_a-stdio.o)
                0x08006f28                __sread
 .text.__swrite
                0x08006f4c       0x40 d:/stm32/gcc-arm-none-eabi-9-2019-q4-major-win32/bin/../lib/gcc/arm-none-eabi/9.2.1/../../../../arm-none-eabi/lib/thumb/v7-m/nofp\libg.a(lib_a-stdio.o)
                0x08006f4c                __swrite
 .text.__sseek  0x08006f8c       0x20 d:/stm32/gcc-arm-none-eabi-9-2019-q4-major-win32/bin/../lib/gcc/arm-none-eabi/9.2.1/../../../../arm-none-eabi/lib/thumb/v7-m/nofp\libg.a(lib_a-stdio.o)
                0x08006f8c                __sseek
 .text.__sclose
                0x08006fac        0x8 d:/stm32/gcc-arm-none-eabi-9-2019-q4-major-win32/bin/../lib/gcc/arm-none-eabi/9.2.1/../../../../arm-none-eabi/lib/thumb/v7-m/nofp\libg.a(lib_a-stdio.o)
                0x08006fac                __sclose
 .text.strlen   0x08006fb4       0x5c d:/stm32/gcc-arm-none-eabi-9-2019-q4-major-win32/bin/../lib/gcc/arm-none-eabi/9.2.1/../../../../arm-none-eabi/lib/thumb/v7-m/nofp\libg.a(lib_a-strlen-stub.o)
                0x08006fb4                strlen
 .text.strncpy  0x08007010       0x68 d:/stm32/gcc-arm-none-eabi-9-2019-q4-major-win32/bin/../lib/gcc/arm-none-eabi/9.2.1/../../../../arm-none-eabi/lib/thumb/v7-m/nofp\libg.a(lib_a-strncpy.o)
                0x08007010                strncpy
 .text.__sprint_r.part.0
                0x08007078       0x78 d:/stm32/gcc-arm-none-eabi-9-2019-q4-major-win32/bin/../lib/gcc/arm-none-eabi/9.2.1/../../../../arm-none-eabi/lib/thumb/v7-m/nofp\libg.a(lib_a-vfiprintf.o)
 .text.__sprint_r
                0x080070f0       0x14 d:/stm32/gcc-arm-none-eabi-9-2019-q4-major-win32/bin/../lib/gcc/arm-none-eabi/9.2.1/../../../../arm-none-eabi/lib/thumb/v7-m/nofp\libg.a(lib_a-vfiprintf.o)
                0x080070f0                __sprint_r
 .text._write_r
                0x08007104       0x2c d:/stm32/gcc-arm-none-eabi-9-2019-q4-major-win32/bin/../lib/gcc/arm-none-eabi/9.2.1/../../../../arm-none-eabi/lib/thumb/v7-m/nofp\libg.a(lib_a-writer.o)
                0x08007104                _write_r
 .text.__register_exitproc
                0x08007130       0x8c d:/stm32/gcc-arm-none-eabi-9-2019-q4-major-win32/bin/../lib/gcc/arm-none-eabi/9.2.1/../../../../arm-none-eabi/lib/thumb/v7-m/nofp\libg.a(lib_a-__atexit.o)
                0x08007130                __register_exitproc
 .text._calloc_r
                0x080071bc       0x60 d:/stm32/gcc-arm-none-eabi-9-2019-q4-major-win32/bin/../lib/gcc/arm-none-eabi/9.2.1/../../../../arm-none-eabi/lib/thumb/v7-m/nofp\libg.a(lib_a-callocr.o)
                0x080071bc                _calloc_r
 .text._close_r
                0x0800721c       0x24 d:/stm32/gcc-arm-none-eabi-9-2019-q4-major-win32/bin/../lib/gcc/arm-none-eabi/9.2.1/../../../../arm-none-eabi/lib/thumb/v7-m/nofp\libg.a(lib_a-closer.o)
                0x0800721c                _close_r
 .text._fclose_r
                0x08007240       0xcc d:/stm32/gcc-arm-none-eabi-9-2019-q4-major-win32/bin/../lib/gcc/arm-none-eabi/9.2.1/../../../../arm-none-eabi/lib/thumb/v7-m/nofp\libg.a(lib_a-fclose.o)
                0x08007240                _fclose_r
 .text.__fputwc
                0x0800730c       0xa0 d:/stm32/gcc-arm-none-eabi-9-2019-q4-major-win32/bin/../lib/gcc/arm-none-eabi/9.2.1/../../../../arm-none-eabi/lib/thumb/v7-m/nofp\libg.a(lib_a-fputwc.o)
                0x0800730c                __fputwc
 .text._fputwc_r
                0x080073ac       0x68 d:/stm32/gcc-arm-none-eabi-9-2019-q4-major-win32/bin/../lib/gcc/arm-none-eabi/9.2.1/../../../../arm-none-eabi/lib/thumb/v7-m/nofp\libg.a(lib_a-fputwc.o)
                0x080073ac                _fputwc_r
 .text._fstat_r
                0x08007414       0x2c d:/stm32/gcc-arm-none-eabi-9-2019-q4-major-win32/bin/../lib/gcc/arm-none-eabi/9.2.1/../../../../arm-none-eabi/lib/thumb/v7-m/nofp\libg.a(lib_a-fstatr.o)
                0x08007414                _fstat_r
 .text.__sfvwrite_r
                0x08007440      0x2ec d:/stm32/gcc-arm-none-eabi-9-2019-q4-major-win32/bin/../lib/gcc/arm-none-eabi/9.2.1/../../../../arm-none-eabi/lib/thumb/v7-m/nofp\libg.a(lib_a-fvwrite.o)
                0x08007440                __sfvwrite_r
 .text._isatty_r
                0x0800772c       0x24 d:/stm32/gcc-arm-none-eabi-9-2019-q4-major-win32/bin/../lib/gcc/arm-none-eabi/9.2.1/../../../../arm-none-eabi/lib/thumb/v7-m/nofp\libg.a(lib_a-isattyr.o)
                0x0800772c                _isatty_r
 .text.__locale_mb_cur_max
                0x08007750        0xc d:/stm32/gcc-arm-none-eabi-9-2019-q4-major-win32/bin/../lib/gcc/arm-none-eabi/9.2.1/../../../../arm-none-eabi/lib/thumb/v7-m/nofp\libg.a(lib_a-locale.o)
                0x08007750                __locale_mb_cur_max
 .text._lseek_r
                0x0800775c       0x2c d:/stm32/gcc-arm-none-eabi-9-2019-q4-major-win32/bin/../lib/gcc/arm-none-eabi/9.2.1/../../../../arm-none-eabi/lib/thumb/v7-m/nofp\libg.a(lib_a-lseekr.o)
                0x0800775c                _lseek_r
 .text.__ascii_mbtowc
                0x08007788       0x2c d:/stm32/gcc-arm-none-eabi-9-2019-q4-major-win32/bin/../lib/gcc/arm-none-eabi/9.2.1/../../../../arm-none-eabi/lib/thumb/v7-m/nofp\libg.a(lib_a-mbtowc_r.o)
                0x08007788                __ascii_mbtowc
 .text.memmove  0x080077b4       0xd4 d:/stm32/gcc-arm-none-eabi-9-2019-q4-major-win32/bin/../lib/gcc/arm-none-eabi/9.2.1/../../../../arm-none-eabi/lib/thumb/v7-m/nofp\libg.a(lib_a-memmove.o)
                0x080077b4                memmove
 .text._read_r  0x08007888       0x2c d:/stm32/gcc-arm-none-eabi-9-2019-q4-major-win32/bin/../lib/gcc/arm-none-eabi/9.2.1/../../../../arm-none-eabi/lib/thumb/v7-m/nofp\libg.a(lib_a-readr.o)
                0x08007888                _read_r
 .text._realloc_r
                0x080078b4      0x3e0 d:/stm32/gcc-arm-none-eabi-9-2019-q4-major-win32/bin/../lib/gcc/arm-none-eabi/9.2.1/../../../../arm-none-eabi/lib/thumb/v7-m/nofp\libg.a(lib_a-reallocr.o)
                0x080078b4                _realloc_r
 .text.__swbuf_r
                0x08007c94       0xb0 d:/stm32/gcc-arm-none-eabi-9-2019-q4-major-win32/bin/../lib/gcc/arm-none-eabi/9.2.1/../../../../arm-none-eabi/lib/thumb/v7-m/nofp\libg.a(lib_a-wbuf.o)
                0x08007c94                __swbuf_r
 .text._wcrtomb_r
                0x08007d44       0x3c d:/stm32/gcc-arm-none-eabi-9-2019-q4-major-win32/bin/../lib/gcc/arm-none-eabi/9.2.1/../../../../arm-none-eabi/lib/thumb/v7-m/nofp\libg.a(lib_a-wcrtomb.o)
                0x08007d44                _wcrtomb_r
 .text.__ascii_wctomb
                0x08007d80       0x1c d:/stm32/gcc-arm-none-eabi-9-2019-q4-major-win32/bin/../lib/gcc/arm-none-eabi/9.2.1/../../../../arm-none-eabi/lib/thumb/v7-m/nofp\libg.a(lib_a-wctomb_r.o)
                0x08007d80                __ascii_wctomb
 *(.glue_7)
 .glue_7        0x08007d9c        0x0 linker stubs
 *(.glue_7t)
 .glue_7t       0x08007d9c        0x0 linker stubs
 *(.eh_frame)
 .eh_frame      0x08007d9c        0x0 d:/stm32/gcc-arm-none-eabi-9-2019-q4-major-win32/bin/../lib/gcc/arm-none-eabi/9.2.1/thumb/v7-m/nofp/crtbegin.o
 *(.init)
 .init          0x08007d9c        0x4 d:/stm32/gcc-arm-none-eabi-9-2019-q4-major-win32/bin/../lib/gcc/arm-none-eabi/9.2.1/thumb/v7-m/nofp/crti.o
                0x08007d9c                _init
 .init          0x08007da0        0x8 d:/stm32/gcc-arm-none-eabi-9-2019-q4-major-win32/bin/../lib/gcc/arm-none-eabi/9.2.1/thumb/v7-m/nofp/crtn.o
 *(.fini)
 .fini          0x08007da8        0x4 d:/stm32/gcc-arm-none-eabi-9-2019-q4-major-win32/bin/../lib/gcc/arm-none-eabi/9.2.1/thumb/v7-m/nofp/crti.o
                0x08007da8                _fini
 .fini          0x08007dac        0x8 d:/stm32/gcc-arm-none-eabi-9-2019-q4-major-win32/bin/../lib/gcc/arm-none-eabi/9.2.1/thumb/v7-m/nofp/crtn.o
                0x08007db4                . = ALIGN (0x4)
                0x08007db4                _etext = .

.vfp11_veneer   0x08007db4        0x0
 .vfp11_veneer  0x08007db4        0x0 linker stubs

.v4_bx          0x08007db4        0x0
 .v4_bx         0x08007db4        0x0 linker stubs

.iplt           0x08007db4        0x0
 .iplt          0x08007db4        0x0 d:/stm32/gcc-arm-none-eabi-9-2019-q4-major-win32/bin/../lib/gcc/arm-none-eabi/9.2.1/thumb/v7-m/nofp/crtbegin.o

.rodata         0x08007db8      0x2f8
                0x08007db8                . = ALIGN (0x4)
 *(.rodata)
 *(.rodata*)
 .rodata.aPLLMULFactorTable.6561
                0x08007db8       0x10 CMakeFiles/DHT11.elf.dir/Drivers/STM32F1xx_HAL_Driver/Src/stm32f1xx_hal_rcc.c.obj
 .rodata.aPredivFactorTable.6562
                0x08007dc8        0x2 CMakeFiles/DHT11.elf.dir/Drivers/STM32F1xx_HAL_Driver/Src/stm32f1xx_hal_rcc.c.obj
 *fill*         0x08007dca        0x2 
 .rodata.main.str1.4
                0x08007dcc       0x3f CMakeFiles/DHT11.elf.dir/Src/main.c.obj
 *fill*         0x08007e0b        0x1 
 .rodata.AHBPrescTable
                0x08007e0c       0x10 CMakeFiles/DHT11.elf.dir/Src/system_stm32f1xx.c.obj
                0x08007e0c                AHBPrescTable
 .rodata.APBPrescTable
                0x08007e1c        0x8 CMakeFiles/DHT11.elf.dir/Src/system_stm32f1xx.c.obj
                0x08007e1c                APBPrescTable
 .rodata._global_impure_ptr
                0x08007e24        0x4 d:/stm32/gcc-arm-none-eabi-9-2019-q4-major-win32/bin/../lib/gcc/arm-none-eabi/9.2.1/../../../../arm-none-eabi/lib/thumb/v7-m/nofp\libg.a(lib_a-impure.o)
                0x08007e24                _global_impure_ptr
 .rodata._vfprintf_r.str1.4
                0x08007e28       0x42 d:/stm32/gcc-arm-none-eabi-9-2019-q4-major-win32/bin/../lib/gcc/arm-none-eabi/9.2.1/../../../../arm-none-eabi/lib/thumb/v7-m/nofp\libg.a(lib_a-vfprintf.o)
 *fill*         0x08007e6a        0x2 
 .rodata.blanks.7360
                0x08007e6c       0x10 d:/stm32/gcc-arm-none-eabi-9-2019-q4-major-win32/bin/../lib/gcc/arm-none-eabi/9.2.1/../../../../arm-none-eabi/lib/thumb/v7-m/nofp\libg.a(lib_a-vfprintf.o)
 .rodata.zeroes.7361
                0x08007e7c       0x10 d:/stm32/gcc-arm-none-eabi-9-2019-q4-major-win32/bin/../lib/gcc/arm-none-eabi/9.2.1/../../../../arm-none-eabi/lib/thumb/v7-m/nofp\libg.a(lib_a-vfprintf.o)
 .rodata._dtoa_r.str1.4
                0x08007e8c        0xd d:/stm32/gcc-arm-none-eabi-9-2019-q4-major-win32/bin/../lib/gcc/arm-none-eabi/9.2.1/../../../../arm-none-eabi/lib/thumb/v7-m/nofp\libg.a(lib_a-dtoa.o)
                                 0x12 (size before relaxing)
 *fill*         0x08007e99        0x7 
 .rodata.__mprec_bigtens
                0x08007ea0       0x28 d:/stm32/gcc-arm-none-eabi-9-2019-q4-major-win32/bin/../lib/gcc/arm-none-eabi/9.2.1/../../../../arm-none-eabi/lib/thumb/v7-m/nofp\libg.a(lib_a-mprec.o)
                0x08007ea0                __mprec_bigtens
 .rodata.__mprec_tens
                0x08007ec8       0xc8 d:/stm32/gcc-arm-none-eabi-9-2019-q4-major-win32/bin/../lib/gcc/arm-none-eabi/9.2.1/../../../../arm-none-eabi/lib/thumb/v7-m/nofp\libg.a(lib_a-mprec.o)
                0x08007ec8                __mprec_tens
 .rodata.p05.6115
                0x08007f90        0xc d:/stm32/gcc-arm-none-eabi-9-2019-q4-major-win32/bin/../lib/gcc/arm-none-eabi/9.2.1/../../../../arm-none-eabi/lib/thumb/v7-m/nofp\libg.a(lib_a-mprec.o)
 .rodata._setlocale_r.str1.4
                0x08007f9c        0xa d:/stm32/gcc-arm-none-eabi-9-2019-q4-major-win32/bin/../lib/gcc/arm-none-eabi/9.2.1/../../../../arm-none-eabi/lib/thumb/v7-m/nofp\libg.a(lib_a-locale.o)
                                  0xd (size before relaxing)
 *fill*         0x08007fa6        0x2 
 .rodata.str1.4
                0x08007fa8        0x2 d:/stm32/gcc-arm-none-eabi-9-2019-q4-major-win32/bin/../lib/gcc/arm-none-eabi/9.2.1/../../../../arm-none-eabi/lib/thumb/v7-m/nofp\libg.a(lib_a-locale.o)
 *fill*         0x08007faa        0x2 
 .rodata._ctype_
                0x08007fac      0x101 d:/stm32/gcc-arm-none-eabi-9-2019-q4-major-win32/bin/../lib/gcc/arm-none-eabi/9.2.1/../../../../arm-none-eabi/lib/thumb/v7-m/nofp\libg.a(lib_a-ctype_.o)
                0x08007fac                _ctype_
                0x080080b0                . = ALIGN (0x4)
 *fill*         0x080080ad        0x3 

.ARM.extab
 *(.ARM.extab* .gnu.linkonce.armextab.*)

.ARM            0x080080b0        0x8
                0x080080b0                __exidx_start = .
 *(.ARM.exidx*)
 .ARM.exidx     0x080080b0        0x8 d:/stm32/gcc-arm-none-eabi-9-2019-q4-major-win32/bin/../lib/gcc/arm-none-eabi/9.2.1/thumb/v7-m/nofp\libgcc.a(_udivmoddi4.o)
                0x080080b8                __exidx_end = .

.rel.dyn        0x080080b8        0x0
 .rel.iplt      0x080080b8        0x0 d:/stm32/gcc-arm-none-eabi-9-2019-q4-major-win32/bin/../lib/gcc/arm-none-eabi/9.2.1/thumb/v7-m/nofp/crtbegin.o

.preinit_array  0x080080b8        0x0
                0x080080b8                PROVIDE (__preinit_array_start = .)
 *(.preinit_array*)
                0x080080b8                PROVIDE (__preinit_array_end = .)

.init_array     0x080080b8        0x8
                0x080080b8                PROVIDE (__init_array_start = .)
 *(SORT_BY_NAME(.init_array.*))
 .init_array.00000
                0x080080b8        0x4 d:/stm32/gcc-arm-none-eabi-9-2019-q4-major-win32/bin/../lib/gcc/arm-none-eabi/9.2.1/../../../../arm-none-eabi/lib/thumb/v7-m/nofp\libg.a(lib_a-__call_atexit.o)
 *(.init_array*)
 .init_array    0x080080bc        0x4 d:/stm32/gcc-arm-none-eabi-9-2019-q4-major-win32/bin/../lib/gcc/arm-none-eabi/9.2.1/thumb/v7-m/nofp/crtbegin.o
                0x080080c0                PROVIDE (__init_array_end = .)

.fini_array     0x080080c0        0x4
                0x080080c0                PROVIDE (__fini_array_start = .)
 *(SORT_BY_NAME(.fini_array.*))
 *(.fini_array*)
 .fini_array    0x080080c0        0x4 d:/stm32/gcc-arm-none-eabi-9-2019-q4-major-win32/bin/../lib/gcc/arm-none-eabi/9.2.1/thumb/v7-m/nofp/crtbegin.o
                0x080080c4                PROVIDE (__fini_array_end = .)
                0x080080c4                _sidata = LOADADDR (.data)

.data           0x20000000      0x9b8 load address 0x080080c4
                0x20000000                . = ALIGN (0x4)
                0x20000000                _sdata = .
 *(.data)
 *(.data*)
 .data.uwTickFreq
                0x20000000        0x1 CMakeFiles/DHT11.elf.dir/Drivers/STM32F1xx_HAL_Driver/Src/stm32f1xx_hal.c.obj
                0x20000000                uwTickFreq
 *fill*         0x20000001        0x3 
 .data.uwTickPrio
                0x20000004        0x4 CMakeFiles/DHT11.elf.dir/Drivers/STM32F1xx_HAL_Driver/Src/stm32f1xx_hal.c.obj
                0x20000004                uwTickPrio
 .data.SystemCoreClock
                0x20000008        0x4 CMakeFiles/DHT11.elf.dir/Src/system_stm32f1xx.c.obj
                0x20000008                SystemCoreClock
 .data._impure_ptr
                0x2000000c        0x4 d:/stm32/gcc-arm-none-eabi-9-2019-q4-major-win32/bin/../lib/gcc/arm-none-eabi/9.2.1/../../../../arm-none-eabi/lib/thumb/v7-m/nofp\libg.a(lib_a-impure.o)
                0x2000000c                _impure_ptr
 .data.impure_data
                0x20000010      0x428 d:/stm32/gcc-arm-none-eabi-9-2019-q4-major-win32/bin/../lib/gcc/arm-none-eabi/9.2.1/../../../../arm-none-eabi/lib/thumb/v7-m/nofp\libg.a(lib_a-impure.o)
 .data.__atexit_recursive_mutex
                0x20000438        0x4 d:/stm32/gcc-arm-none-eabi-9-2019-q4-major-win32/bin/../lib/gcc/arm-none-eabi/9.2.1/../../../../arm-none-eabi/lib/thumb/v7-m/nofp\libg.a(lib_a-__call_atexit.o)
                0x20000438                __atexit_recursive_mutex
 .data.__malloc_av_
                0x2000043c      0x408 d:/stm32/gcc-arm-none-eabi-9-2019-q4-major-win32/bin/../lib/gcc/arm-none-eabi/9.2.1/../../../../arm-none-eabi/lib/thumb/v7-m/nofp\libg.a(lib_a-mallocr.o)
                0x2000043c                __malloc_av_
 .data.__malloc_sbrk_base
                0x20000844        0x4 d:/stm32/gcc-arm-none-eabi-9-2019-q4-major-win32/bin/../lib/gcc/arm-none-eabi/9.2.1/../../../../arm-none-eabi/lib/thumb/v7-m/nofp\libg.a(lib_a-mallocr.o)
                0x20000844                __malloc_sbrk_base
 .data.__malloc_trim_threshold
                0x20000848        0x4 d:/stm32/gcc-arm-none-eabi-9-2019-q4-major-win32/bin/../lib/gcc/arm-none-eabi/9.2.1/../../../../arm-none-eabi/lib/thumb/v7-m/nofp\libg.a(lib_a-mallocr.o)
                0x20000848                __malloc_trim_threshold
 .data.__global_locale
                0x2000084c      0x16c d:/stm32/gcc-arm-none-eabi-9-2019-q4-major-win32/bin/../lib/gcc/arm-none-eabi/9.2.1/../../../../arm-none-eabi/lib/thumb/v7-m/nofp\libg.a(lib_a-locale.o)
                0x2000084c                __global_locale
                0x200009b8                . = ALIGN (0x4)
                0x200009b8                _edata = .

.igot.plt       0x200009b8        0x0 load address 0x08008a7c
 .igot.plt      0x200009b8        0x0 d:/stm32/gcc-arm-none-eabi-9-2019-q4-major-win32/bin/../lib/gcc/arm-none-eabi/9.2.1/thumb/v7-m/nofp/crtbegin.o
                0x200009b8                . = ALIGN (0x4)

.bss            0x200009b8      0x1b0 load address 0x08008a7c
                0x200009b8                _sbss = .
                0x200009b8                __bss_start__ = _sbss
 *(.bss)
 .bss           0x200009b8       0x1c d:/stm32/gcc-arm-none-eabi-9-2019-q4-major-win32/bin/../lib/gcc/arm-none-eabi/9.2.1/thumb/v7-m/nofp/crtbegin.o
 *(.bss*)
 .bss.uwTick    0x200009d4        0x4 CMakeFiles/DHT11.elf.dir/Drivers/STM32F1xx_HAL_Driver/Src/stm32f1xx_hal.c.obj
                0x200009d4                uwTick
 .bss.BUF       0x200009d8        0x3 CMakeFiles/DHT11.elf.dir/Src/bh1750.c.obj
                0x200009d8                BUF
 .bss.mcy       0x200009db        0x1 CMakeFiles/DHT11.elf.dir/Src/bh1750.c.obj
                0x200009db                mcy
 .bss.hi2c1     0x200009dc       0x54 CMakeFiles/DHT11.elf.dir/Src/i2c.c.obj
                0x200009dc                hi2c1
 .bss.heap_end.6023
                0x20000a30        0x4 CMakeFiles/DHT11.elf.dir/Src/syscalls.c.obj
 .bss.htim2     0x20000a34       0x48 CMakeFiles/DHT11.elf.dir/Src/tim.c.obj
                0x20000a34                htim2
 .bss.htim3     0x20000a7c       0x48 CMakeFiles/DHT11.elf.dir/Src/tim.c.obj
                0x20000a7c                htim3
 .bss.huart1    0x20000ac4       0x48 CMakeFiles/DHT11.elf.dir/Src/usart.c.obj
                0x20000ac4                huart1
 .bss.__malloc_current_mallinfo
                0x20000b0c       0x28 d:/stm32/gcc-arm-none-eabi-9-2019-q4-major-win32/bin/../lib/gcc/arm-none-eabi/9.2.1/../../../../arm-none-eabi/lib/thumb/v7-m/nofp\libg.a(lib_a-mallocr.o)
                0x20000b0c                __malloc_current_mallinfo
 .bss.__malloc_max_sbrked_mem
                0x20000b34        0x4 d:/stm32/gcc-arm-none-eabi-9-2019-q4-major-win32/bin/../lib/gcc/arm-none-eabi/9.2.1/../../../../arm-none-eabi/lib/thumb/v7-m/nofp\libg.a(lib_a-mallocr.o)
                0x20000b34                __malloc_max_sbrked_mem
 .bss.__malloc_max_total_mem
                0x20000b38        0x4 d:/stm32/gcc-arm-none-eabi-9-2019-q4-major-win32/bin/../lib/gcc/arm-none-eabi/9.2.1/../../../../arm-none-eabi/lib/thumb/v7-m/nofp\libg.a(lib_a-mallocr.o)
                0x20000b38                __malloc_max_total_mem
 .bss.__malloc_top_pad
                0x20000b3c        0x4 d:/stm32/gcc-arm-none-eabi-9-2019-q4-major-win32/bin/../lib/gcc/arm-none-eabi/9.2.1/../../../../arm-none-eabi/lib/thumb/v7-m/nofp\libg.a(lib_a-mallocr.o)
                0x20000b3c                __malloc_top_pad
 *(COMMON)
 COMMON         0x20000b40       0x21 d:/stm32/gcc-arm-none-eabi-9-2019-q4-major-win32/bin/../lib/gcc/arm-none-eabi/9.2.1/../../../../arm-none-eabi/lib/thumb/v7-m/nofp\libg.a(lib_a-lock.o)
                0x20000b40                __lock___atexit_recursive_mutex
                0x20000b44                __lock___arc4random_mutex
                0x20000b48                __lock___env_recursive_mutex
                0x20000b4c                __lock___sinit_recursive_mutex
                0x20000b50                __lock___malloc_recursive_mutex
                0x20000b54                __lock___at_quick_exit_mutex
                0x20000b58                __lock___dd_hash_mutex
                0x20000b5c                __lock___tz_mutex
                0x20000b60                __lock___sfp_recursive_mutex
 *fill*         0x20000b61        0x3 
 COMMON         0x20000b64        0x4 d:/stm32/gcc-arm-none-eabi-9-2019-q4-major-win32/bin/../lib/gcc/arm-none-eabi/9.2.1/../../../../arm-none-eabi/lib/thumb/v7-m/nofp\libg.a(lib_a-reent.o)
                0x20000b64                errno
                0x20000b68                . = ALIGN (0x4)
                0x20000b68                _ebss = .
                0x20000b68                __bss_end__ = _ebss

._user_heap_stack
                0x20000b68      0x600 load address 0x08008a7c
                0x20000b68                . = ALIGN (0x8)
                0x20000b68                PROVIDE (end = .)
                [!provide]                PROVIDE (_end = .)
                0x20000d68                . = (. + _Min_Heap_Size)
 *fill*         0x20000b68      0x200 
                0x20001168                . = (. + _Min_Stack_Size)
 *fill*         0x20000d68      0x400 
                0x20001168                . = ALIGN (0x8)

/DISCARD/
 libc.a(*)
 libm.a(*)
 libgcc.a(*)

.ARM.attributes
                0x00000000       0x29
 *(.ARM.attributes)
 .ARM.attributes
                0x00000000       0x1d d:/stm32/gcc-arm-none-eabi-9-2019-q4-major-win32/bin/../lib/gcc/arm-none-eabi/9.2.1/thumb/v7-m/nofp/crti.o
 .ARM.attributes
                0x0000001d       0x2d d:/stm32/gcc-arm-none-eabi-9-2019-q4-major-win32/bin/../lib/gcc/arm-none-eabi/9.2.1/thumb/v7-m/nofp/crtbegin.o
 .ARM.attributes
                0x0000004a       0x2d CMakeFiles/DHT11.elf.dir/Drivers/STM32F1xx_HAL_Driver/Src/stm32f1xx_hal.c.obj
 .ARM.attributes
                0x00000077       0x2d CMakeFiles/DHT11.elf.dir/Drivers/STM32F1xx_HAL_Driver/Src/stm32f1xx_hal_cortex.c.obj
 .ARM.attributes
                0x000000a4       0x2d CMakeFiles/DHT11.elf.dir/Drivers/STM32F1xx_HAL_Driver/Src/stm32f1xx_hal_gpio.c.obj
 .ARM.attributes
                0x000000d1       0x2d CMakeFiles/DHT11.elf.dir/Drivers/STM32F1xx_HAL_Driver/Src/stm32f1xx_hal_i2c.c.obj
 .ARM.attributes
                0x000000fe       0x2d CMakeFiles/DHT11.elf.dir/Drivers/STM32F1xx_HAL_Driver/Src/stm32f1xx_hal_rcc.c.obj
 .ARM.attributes
                0x0000012b       0x2d CMakeFiles/DHT11.elf.dir/Drivers/STM32F1xx_HAL_Driver/Src/stm32f1xx_hal_tim.c.obj
 .ARM.attributes
                0x00000158       0x2d CMakeFiles/DHT11.elf.dir/Drivers/STM32F1xx_HAL_Driver/Src/stm32f1xx_hal_tim_ex.c.obj
 .ARM.attributes
                0x00000185       0x2d CMakeFiles/DHT11.elf.dir/Drivers/STM32F1xx_HAL_Driver/Src/stm32f1xx_hal_uart.c.obj
 .ARM.attributes
                0x000001b2       0x2d CMakeFiles/DHT11.elf.dir/Src/bh1750.c.obj
 .ARM.attributes
                0x000001df       0x2d CMakeFiles/DHT11.elf.dir/Src/dht11.c.obj
 .ARM.attributes
                0x0000020c       0x2d CMakeFiles/DHT11.elf.dir/Src/gpio.c.obj
 .ARM.attributes
                0x00000239       0x2d CMakeFiles/DHT11.elf.dir/Src/i2c.c.obj
 .ARM.attributes
                0x00000266       0x2d CMakeFiles/DHT11.elf.dir/Src/main.c.obj
 .ARM.attributes
                0x00000293       0x2d CMakeFiles/DHT11.elf.dir/Src/stm32f1xx_hal_msp.c.obj
 .ARM.attributes
                0x000002c0       0x2d CMakeFiles/DHT11.elf.dir/Src/stm32f1xx_it.c.obj
 .ARM.attributes
                0x000002ed       0x2d CMakeFiles/DHT11.elf.dir/Src/syscalls.c.obj
 .ARM.attributes
                0x0000031a       0x2d CMakeFiles/DHT11.elf.dir/Src/system_stm32f1xx.c.obj
 .ARM.attributes
                0x00000347       0x2d CMakeFiles/DHT11.elf.dir/Src/tim.c.obj
 .ARM.attributes
                0x00000374       0x2d CMakeFiles/DHT11.elf.dir/Src/usart.c.obj
 .ARM.attributes
                0x000003a1       0x21 CMakeFiles/DHT11.elf.dir/startup/startup_stm32f103xe.s.obj
 .ARM.attributes
                0x000003c2       0x1d d:/stm32/gcc-arm-none-eabi-9-2019-q4-major-win32/bin/../lib/gcc/arm-none-eabi/9.2.1/thumb/v7-m/nofp\libgcc.a(_arm_addsubdf3.o)
 .ARM.attributes
                0x000003df       0x1d d:/stm32/gcc-arm-none-eabi-9-2019-q4-major-win32/bin/../lib/gcc/arm-none-eabi/9.2.1/thumb/v7-m/nofp\libgcc.a(_arm_muldivdf3.o)
 .ARM.attributes
                0x000003fc       0x1d d:/stm32/gcc-arm-none-eabi-9-2019-q4-major-win32/bin/../lib/gcc/arm-none-eabi/9.2.1/thumb/v7-m/nofp\libgcc.a(_arm_fixunsdfsi.o)
 .ARM.attributes
                0x00000419       0x1d d:/stm32/gcc-arm-none-eabi-9-2019-q4-major-win32/bin/../lib/gcc/arm-none-eabi/9.2.1/thumb/v7-m/nofp\libgcc.a(_arm_addsubsf3.o)
 .ARM.attributes
                0x00000436       0x2d d:/stm32/gcc-arm-none-eabi-9-2019-q4-major-win32/bin/../lib/gcc/arm-none-eabi/9.2.1/../../../../arm-none-eabi/lib/thumb/v7-m/nofp\libg.a(lib_a-errno.o)
 .ARM.attributes
                0x00000463       0x2d d:/stm32/gcc-arm-none-eabi-9-2019-q4-major-win32/bin/../lib/gcc/arm-none-eabi/9.2.1/../../../../arm-none-eabi/lib/thumb/v7-m/nofp\libg.a(lib_a-impure.o)
 .ARM.attributes
                0x00000490       0x2d d:/stm32/gcc-arm-none-eabi-9-2019-q4-major-win32/bin/../lib/gcc/arm-none-eabi/9.2.1/../../../../arm-none-eabi/lib/thumb/v7-m/nofp\libg.a(lib_a-init.o)
 .ARM.attributes
                0x000004bd       0x2d d:/stm32/gcc-arm-none-eabi-9-2019-q4-major-win32/bin/../lib/gcc/arm-none-eabi/9.2.1/../../../../arm-none-eabi/lib/thumb/v7-m/nofp\libg.a(lib_a-memset.o)
 .ARM.attributes
                0x000004ea       0x2d d:/stm32/gcc-arm-none-eabi-9-2019-q4-major-win32/bin/../lib/gcc/arm-none-eabi/9.2.1/../../../../arm-none-eabi/lib/thumb/v7-m/nofp\libg.a(lib_a-printf.o)
 .ARM.attributes
                0x00000517       0x2d d:/stm32/gcc-arm-none-eabi-9-2019-q4-major-win32/bin/../lib/gcc/arm-none-eabi/9.2.1/../../../../arm-none-eabi/lib/thumb/v7-m/nofp\libg.a(lib_a-vfprintf.o)
 .ARM.attributes
                0x00000544       0x2d d:/stm32/gcc-arm-none-eabi-9-2019-q4-major-win32/bin/../lib/gcc/arm-none-eabi/9.2.1/../../../../arm-none-eabi/lib/thumb/v7-m/nofp\libg.a(lib_a-wsetup.o)
 .ARM.attributes
                0x00000571       0x2d d:/stm32/gcc-arm-none-eabi-9-2019-q4-major-win32/bin/../lib/gcc/arm-none-eabi/9.2.1/../../../../arm-none-eabi/lib/thumb/v7-m/nofp\libg.a(lib_a-__call_atexit.o)
 .ARM.attributes
                0x0000059e       0x2d d:/stm32/gcc-arm-none-eabi-9-2019-q4-major-win32/bin/../lib/gcc/arm-none-eabi/9.2.1/../../../../arm-none-eabi/lib/thumb/v7-m/nofp\libg.a(lib_a-atexit.o)
 .ARM.attributes
                0x000005cb       0x2d d:/stm32/gcc-arm-none-eabi-9-2019-q4-major-win32/bin/../lib/gcc/arm-none-eabi/9.2.1/../../../../arm-none-eabi/lib/thumb/v7-m/nofp\libg.a(lib_a-dtoa.o)
 .ARM.attributes
                0x000005f8       0x2d d:/stm32/gcc-arm-none-eabi-9-2019-q4-major-win32/bin/../lib/gcc/arm-none-eabi/9.2.1/../../../../arm-none-eabi/lib/thumb/v7-m/nofp\libg.a(lib_a-fflush.o)
 .ARM.attributes
                0x00000625       0x2d d:/stm32/gcc-arm-none-eabi-9-2019-q4-major-win32/bin/../lib/gcc/arm-none-eabi/9.2.1/../../../../arm-none-eabi/lib/thumb/v7-m/nofp\libg.a(lib_a-findfp.o)
 .ARM.attributes
                0x00000652       0x2d d:/stm32/gcc-arm-none-eabi-9-2019-q4-major-win32/bin/../lib/gcc/arm-none-eabi/9.2.1/../../../../arm-none-eabi/lib/thumb/v7-m/nofp\libg.a(lib_a-fini.o)
 .ARM.attributes
                0x0000067f       0x2d d:/stm32/gcc-arm-none-eabi-9-2019-q4-major-win32/bin/../lib/gcc/arm-none-eabi/9.2.1/../../../../arm-none-eabi/lib/thumb/v7-m/nofp\libg.a(lib_a-freer.o)
 .ARM.attributes
                0x000006ac       0x2d d:/stm32/gcc-arm-none-eabi-9-2019-q4-major-win32/bin/../lib/gcc/arm-none-eabi/9.2.1/../../../../arm-none-eabi/lib/thumb/v7-m/nofp\libg.a(lib_a-fwalk.o)
 .ARM.attributes
                0x000006d9       0x2d d:/stm32/gcc-arm-none-eabi-9-2019-q4-major-win32/bin/../lib/gcc/arm-none-eabi/9.2.1/../../../../arm-none-eabi/lib/thumb/v7-m/nofp\libg.a(lib_a-localeconv.o)
 .ARM.attributes
                0x00000706       0x2d d:/stm32/gcc-arm-none-eabi-9-2019-q4-major-win32/bin/../lib/gcc/arm-none-eabi/9.2.1/../../../../arm-none-eabi/lib/thumb/v7-m/nofp\libg.a(lib_a-lock.o)
 .ARM.attributes
                0x00000733       0x2d d:/stm32/gcc-arm-none-eabi-9-2019-q4-major-win32/bin/../lib/gcc/arm-none-eabi/9.2.1/../../../../arm-none-eabi/lib/thumb/v7-m/nofp\libg.a(lib_a-makebuf.o)
 .ARM.attributes
                0x00000760       0x2d d:/stm32/gcc-arm-none-eabi-9-2019-q4-major-win32/bin/../lib/gcc/arm-none-eabi/9.2.1/../../../../arm-none-eabi/lib/thumb/v7-m/nofp\libg.a(lib_a-mallocr.o)
 .ARM.attributes
                0x0000078d       0x2d d:/stm32/gcc-arm-none-eabi-9-2019-q4-major-win32/bin/../lib/gcc/arm-none-eabi/9.2.1/../../../../arm-none-eabi/lib/thumb/v7-m/nofp\libg.a(lib_a-memchr-stub.o)
 .ARM.attributes
                0x000007ba       0x1b d:/stm32/gcc-arm-none-eabi-9-2019-q4-major-win32/bin/../lib/gcc/arm-none-eabi/9.2.1/../../../../arm-none-eabi/lib/thumb/v7-m/nofp\libg.a(lib_a-memcpy.o)
 .ARM.attributes
                0x000007d5       0x2d d:/stm32/gcc-arm-none-eabi-9-2019-q4-major-win32/bin/../lib/gcc/arm-none-eabi/9.2.1/../../../../arm-none-eabi/lib/thumb/v7-m/nofp\libg.a(lib_a-mlock.o)
 .ARM.attributes
                0x00000802       0x2d d:/stm32/gcc-arm-none-eabi-9-2019-q4-major-win32/bin/../lib/gcc/arm-none-eabi/9.2.1/../../../../arm-none-eabi/lib/thumb/v7-m/nofp\libg.a(lib_a-mprec.o)
 .ARM.attributes
                0x0000082f       0x2d d:/stm32/gcc-arm-none-eabi-9-2019-q4-major-win32/bin/../lib/gcc/arm-none-eabi/9.2.1/../../../../arm-none-eabi/lib/thumb/v7-m/nofp\libg.a(lib_a-s_frexp.o)
 .ARM.attributes
                0x0000085c       0x2d d:/stm32/gcc-arm-none-eabi-9-2019-q4-major-win32/bin/../lib/gcc/arm-none-eabi/9.2.1/../../../../arm-none-eabi/lib/thumb/v7-m/nofp\libg.a(lib_a-sbrkr.o)
 .ARM.attributes
                0x00000889       0x2d d:/stm32/gcc-arm-none-eabi-9-2019-q4-major-win32/bin/../lib/gcc/arm-none-eabi/9.2.1/../../../../arm-none-eabi/lib/thumb/v7-m/nofp\libg.a(lib_a-stdio.o)
 .ARM.attributes
                0x000008b6       0x2d d:/stm32/gcc-arm-none-eabi-9-2019-q4-major-win32/bin/../lib/gcc/arm-none-eabi/9.2.1/../../../../arm-none-eabi/lib/thumb/v7-m/nofp\libg.a(lib_a-strlen-stub.o)
 .ARM.attributes
                0x000008e3       0x2d d:/stm32/gcc-arm-none-eabi-9-2019-q4-major-win32/bin/../lib/gcc/arm-none-eabi/9.2.1/../../../../arm-none-eabi/lib/thumb/v7-m/nofp\libg.a(lib_a-strncpy.o)
 .ARM.attributes
                0x00000910       0x2d d:/stm32/gcc-arm-none-eabi-9-2019-q4-major-win32/bin/../lib/gcc/arm-none-eabi/9.2.1/../../../../arm-none-eabi/lib/thumb/v7-m/nofp\libg.a(lib_a-vfiprintf.o)
 .ARM.attributes
                0x0000093d       0x2d d:/stm32/gcc-arm-none-eabi-9-2019-q4-major-win32/bin/../lib/gcc/arm-none-eabi/9.2.1/../../../../arm-none-eabi/lib/thumb/v7-m/nofp\libg.a(lib_a-writer.o)
 .ARM.attributes
                0x0000096a       0x2d d:/stm32/gcc-arm-none-eabi-9-2019-q4-major-win32/bin/../lib/gcc/arm-none-eabi/9.2.1/../../../../arm-none-eabi/lib/thumb/v7-m/nofp\libg.a(lib_a-__atexit.o)
 .ARM.attributes
                0x00000997       0x2d d:/stm32/gcc-arm-none-eabi-9-2019-q4-major-win32/bin/../lib/gcc/arm-none-eabi/9.2.1/../../../../arm-none-eabi/lib/thumb/v7-m/nofp\libg.a(lib_a-callocr.o)
 .ARM.attributes
                0x000009c4       0x2d d:/stm32/gcc-arm-none-eabi-9-2019-q4-major-win32/bin/../lib/gcc/arm-none-eabi/9.2.1/../../../../arm-none-eabi/lib/thumb/v7-m/nofp\libg.a(lib_a-closer.o)
 .ARM.attributes
                0x000009f1       0x2d d:/stm32/gcc-arm-none-eabi-9-2019-q4-major-win32/bin/../lib/gcc/arm-none-eabi/9.2.1/../../../../arm-none-eabi/lib/thumb/v7-m/nofp\libg.a(lib_a-fclose.o)
 .ARM.attributes
                0x00000a1e       0x2d d:/stm32/gcc-arm-none-eabi-9-2019-q4-major-win32/bin/../lib/gcc/arm-none-eabi/9.2.1/../../../../arm-none-eabi/lib/thumb/v7-m/nofp\libg.a(lib_a-fputwc.o)
 .ARM.attributes
                0x00000a4b       0x2d d:/stm32/gcc-arm-none-eabi-9-2019-q4-major-win32/bin/../lib/gcc/arm-none-eabi/9.2.1/../../../../arm-none-eabi/lib/thumb/v7-m/nofp\libg.a(lib_a-fstatr.o)
 .ARM.attributes
                0x00000a78       0x2d d:/stm32/gcc-arm-none-eabi-9-2019-q4-major-win32/bin/../lib/gcc/arm-none-eabi/9.2.1/../../../../arm-none-eabi/lib/thumb/v7-m/nofp\libg.a(lib_a-fvwrite.o)
 .ARM.attributes
                0x00000aa5       0x2d d:/stm32/gcc-arm-none-eabi-9-2019-q4-major-win32/bin/../lib/gcc/arm-none-eabi/9.2.1/../../../../arm-none-eabi/lib/thumb/v7-m/nofp\libg.a(lib_a-isattyr.o)
 .ARM.attributes
                0x00000ad2       0x2d d:/stm32/gcc-arm-none-eabi-9-2019-q4-major-win32/bin/../lib/gcc/arm-none-eabi/9.2.1/../../../../arm-none-eabi/lib/thumb/v7-m/nofp\libg.a(lib_a-locale.o)
 .ARM.attributes
                0x00000aff       0x2d d:/stm32/gcc-arm-none-eabi-9-2019-q4-major-win32/bin/../lib/gcc/arm-none-eabi/9.2.1/../../../../arm-none-eabi/lib/thumb/v7-m/nofp\libg.a(lib_a-lseekr.o)
 .ARM.attributes
                0x00000b2c       0x2d d:/stm32/gcc-arm-none-eabi-9-2019-q4-major-win32/bin/../lib/gcc/arm-none-eabi/9.2.1/../../../../arm-none-eabi/lib/thumb/v7-m/nofp\libg.a(lib_a-mbtowc_r.o)
 .ARM.attributes
                0x00000b59       0x2d d:/stm32/gcc-arm-none-eabi-9-2019-q4-major-win32/bin/../lib/gcc/arm-none-eabi/9.2.1/../../../../arm-none-eabi/lib/thumb/v7-m/nofp\libg.a(lib_a-memmove.o)
 .ARM.attributes
                0x00000b86       0x2d d:/stm32/gcc-arm-none-eabi-9-2019-q4-major-win32/bin/../lib/gcc/arm-none-eabi/9.2.1/../../../../arm-none-eabi/lib/thumb/v7-m/nofp\libg.a(lib_a-readr.o)
 .ARM.attributes
                0x00000bb3       0x2d d:/stm32/gcc-arm-none-eabi-9-2019-q4-major-win32/bin/../lib/gcc/arm-none-eabi/9.2.1/../../../../arm-none-eabi/lib/thumb/v7-m/nofp\libg.a(lib_a-reallocr.o)
 .ARM.attributes
                0x00000be0       0x2d d:/stm32/gcc-arm-none-eabi-9-2019-q4-major-win32/bin/../lib/gcc/arm-none-eabi/9.2.1/../../../../arm-none-eabi/lib/thumb/v7-m/nofp\libg.a(lib_a-reent.o)
 .ARM.attributes
                0x00000c0d       0x2d d:/stm32/gcc-arm-none-eabi-9-2019-q4-major-win32/bin/../lib/gcc/arm-none-eabi/9.2.1/../../../../arm-none-eabi/lib/thumb/v7-m/nofp\libg.a(lib_a-wbuf.o)
 .ARM.attributes
                0x00000c3a       0x2d d:/stm32/gcc-arm-none-eabi-9-2019-q4-major-win32/bin/../lib/gcc/arm-none-eabi/9.2.1/../../../../arm-none-eabi/lib/thumb/v7-m/nofp\libg.a(lib_a-wcrtomb.o)
 .ARM.attributes
                0x00000c67       0x2d d:/stm32/gcc-arm-none-eabi-9-2019-q4-major-win32/bin/../lib/gcc/arm-none-eabi/9.2.1/../../../../arm-none-eabi/lib/thumb/v7-m/nofp\libg.a(lib_a-wctomb_r.o)
 .ARM.attributes
                0x00000c94       0x2d d:/stm32/gcc-arm-none-eabi-9-2019-q4-major-win32/bin/../lib/gcc/arm-none-eabi/9.2.1/../../../../arm-none-eabi/lib/thumb/v7-m/nofp\libg.a(lib_a-ctype_.o)
 .ARM.attributes
                0x00000cc1       0x1d d:/stm32/gcc-arm-none-eabi-9-2019-q4-major-win32/bin/../lib/gcc/arm-none-eabi/9.2.1/thumb/v7-m/nofp\libgcc.a(_arm_cmpdf2.o)
 .ARM.attributes
                0x00000cde       0x1d d:/stm32/gcc-arm-none-eabi-9-2019-q4-major-win32/bin/../lib/gcc/arm-none-eabi/9.2.1/thumb/v7-m/nofp\libgcc.a(_arm_unorddf2.o)
 .ARM.attributes
                0x00000cfb       0x1d d:/stm32/gcc-arm-none-eabi-9-2019-q4-major-win32/bin/../lib/gcc/arm-none-eabi/9.2.1/thumb/v7-m/nofp\libgcc.a(_arm_fixdfsi.o)
 .ARM.attributes
                0x00000d18       0x1d d:/stm32/gcc-arm-none-eabi-9-2019-q4-major-win32/bin/../lib/gcc/arm-none-eabi/9.2.1/thumb/v7-m/nofp\libgcc.a(_aeabi_uldivmod.o)
 .ARM.attributes
                0x00000d35       0x2d d:/stm32/gcc-arm-none-eabi-9-2019-q4-major-win32/bin/../lib/gcc/arm-none-eabi/9.2.1/thumb/v7-m/nofp\libgcc.a(_udivmoddi4.o)
 .ARM.attributes
                0x00000d62       0x1d d:/stm32/gcc-arm-none-eabi-9-2019-q4-major-win32/bin/../lib/gcc/arm-none-eabi/9.2.1/thumb/v7-m/nofp\libgcc.a(_dvmd_tls.o)
 .ARM.attributes
                0x00000d7f       0x1d d:/stm32/gcc-arm-none-eabi-9-2019-q4-major-win32/bin/../lib/gcc/arm-none-eabi/9.2.1/thumb/v7-m/nofp/crtn.o
OUTPUT(DHT11.elf elf32-littlearm)

.debug_info     0x00000000    0x170e8
 .debug_info    0x00000000      0x897 CMakeFiles/DHT11.elf.dir/Drivers/STM32F1xx_HAL_Driver/Src/stm32f1xx_hal.c.obj
 .debug_info    0x00000897      0xeac CMakeFiles/DHT11.elf.dir/Drivers/STM32F1xx_HAL_Driver/Src/stm32f1xx_hal_cortex.c.obj
 .debug_info    0x00001743      0x75b CMakeFiles/DHT11.elf.dir/Drivers/STM32F1xx_HAL_Driver/Src/stm32f1xx_hal_gpio.c.obj
 .debug_info    0x00001e9e     0x3b7e CMakeFiles/DHT11.elf.dir/Drivers/STM32F1xx_HAL_Driver/Src/stm32f1xx_hal_i2c.c.obj
 .debug_info    0x00005a1c      0xab0 CMakeFiles/DHT11.elf.dir/Drivers/STM32F1xx_HAL_Driver/Src/stm32f1xx_hal_rcc.c.obj
 .debug_info    0x000064cc     0x3e32 CMakeFiles/DHT11.elf.dir/Drivers/STM32F1xx_HAL_Driver/Src/stm32f1xx_hal_tim.c.obj
 .debug_info    0x0000a2fe     0x1ba5 CMakeFiles/DHT11.elf.dir/Drivers/STM32F1xx_HAL_Driver/Src/stm32f1xx_hal_tim_ex.c.obj
 .debug_info    0x0000bea3     0x42e1 CMakeFiles/DHT11.elf.dir/Drivers/STM32F1xx_HAL_Driver/Src/stm32f1xx_hal_uart.c.obj
 .debug_info    0x00010184      0xfa4 CMakeFiles/DHT11.elf.dir/Src/bh1750.c.obj
 .debug_info    0x00011128      0xb89 CMakeFiles/DHT11.elf.dir/Src/dht11.c.obj
 .debug_info    0x00011cb1      0x39d CMakeFiles/DHT11.elf.dir/Src/gpio.c.obj
 .debug_info    0x0001204e      0x978 CMakeFiles/DHT11.elf.dir/Src/i2c.c.obj
 .debug_info    0x000129c6     0x1934 CMakeFiles/DHT11.elf.dir/Src/main.c.obj
 .debug_info    0x000142fa      0x2fd CMakeFiles/DHT11.elf.dir/Src/stm32f1xx_hal_msp.c.obj
 .debug_info    0x000145f7      0x239 CMakeFiles/DHT11.elf.dir/Src/stm32f1xx_it.c.obj
 .debug_info    0x00014830     0x112a CMakeFiles/DHT11.elf.dir/Src/syscalls.c.obj
 .debug_info    0x0001595a      0x2c9 CMakeFiles/DHT11.elf.dir/Src/system_stm32f1xx.c.obj
 .debug_info    0x00015c23      0xb1f CMakeFiles/DHT11.elf.dir/Src/tim.c.obj
 .debug_info    0x00016742      0x984 CMakeFiles/DHT11.elf.dir/Src/usart.c.obj
 .debug_info    0x000170c6       0x22 CMakeFiles/DHT11.elf.dir/startup/startup_stm32f103xe.s.obj

.debug_abbrev   0x00000000     0x2acb
 .debug_abbrev  0x00000000      0x219 CMakeFiles/DHT11.elf.dir/Drivers/STM32F1xx_HAL_Driver/Src/stm32f1xx_hal.c.obj
 .debug_abbrev  0x00000219      0x367 CMakeFiles/DHT11.elf.dir/Drivers/STM32F1xx_HAL_Driver/Src/stm32f1xx_hal_cortex.c.obj
 .debug_abbrev  0x00000580      0x213 CMakeFiles/DHT11.elf.dir/Drivers/STM32F1xx_HAL_Driver/Src/stm32f1xx_hal_gpio.c.obj
 .debug_abbrev  0x00000793      0x2bf CMakeFiles/DHT11.elf.dir/Drivers/STM32F1xx_HAL_Driver/Src/stm32f1xx_hal_i2c.c.obj
 .debug_abbrev  0x00000a52      0x28d CMakeFiles/DHT11.elf.dir/Drivers/STM32F1xx_HAL_Driver/Src/stm32f1xx_hal_rcc.c.obj
 .debug_abbrev  0x00000cdf      0x26b CMakeFiles/DHT11.elf.dir/Drivers/STM32F1xx_HAL_Driver/Src/stm32f1xx_hal_tim.c.obj
 .debug_abbrev  0x00000f4a      0x26e CMakeFiles/DHT11.elf.dir/Drivers/STM32F1xx_HAL_Driver/Src/stm32f1xx_hal_tim_ex.c.obj
 .debug_abbrev  0x000011b8      0x315 CMakeFiles/DHT11.elf.dir/Drivers/STM32F1xx_HAL_Driver/Src/stm32f1xx_hal_uart.c.obj
 .debug_abbrev  0x000014cd      0x27a CMakeFiles/DHT11.elf.dir/Src/bh1750.c.obj
 .debug_abbrev  0x00001747      0x24f CMakeFiles/DHT11.elf.dir/Src/dht11.c.obj
 .debug_abbrev  0x00001996      0x16e CMakeFiles/DHT11.elf.dir/Src/gpio.c.obj
 .debug_abbrev  0x00001b04      0x1ed CMakeFiles/DHT11.elf.dir/Src/i2c.c.obj
 .debug_abbrev  0x00001cf1      0x2f7 CMakeFiles/DHT11.elf.dir/Src/main.c.obj
 .debug_abbrev  0x00001fe8      0x12e CMakeFiles/DHT11.elf.dir/Src/stm32f1xx_hal_msp.c.obj
 .debug_abbrev  0x00002116       0xef CMakeFiles/DHT11.elf.dir/Src/stm32f1xx_it.c.obj
 .debug_abbrev  0x00002205      0x31e CMakeFiles/DHT11.elf.dir/Src/syscalls.c.obj
 .debug_abbrev  0x00002523      0x151 CMakeFiles/DHT11.elf.dir/Src/system_stm32f1xx.c.obj
 .debug_abbrev  0x00002674      0x226 CMakeFiles/DHT11.elf.dir/Src/tim.c.obj
 .debug_abbrev  0x0000289a      0x21f CMakeFiles/DHT11.elf.dir/Src/usart.c.obj
 .debug_abbrev  0x00002ab9       0x12 CMakeFiles/DHT11.elf.dir/startup/startup_stm32f103xe.s.obj

.debug_loc      0x00000000    0x1128c
 .debug_loc     0x00000000      0x141 CMakeFiles/DHT11.elf.dir/Drivers/STM32F1xx_HAL_Driver/Src/stm32f1xx_hal.c.obj
 .debug_loc     0x00000141      0x71f CMakeFiles/DHT11.elf.dir/Drivers/STM32F1xx_HAL_Driver/Src/stm32f1xx_hal_cortex.c.obj
 .debug_loc     0x00000860      0x45b CMakeFiles/DHT11.elf.dir/Drivers/STM32F1xx_HAL_Driver/Src/stm32f1xx_hal_gpio.c.obj
 .debug_loc     0x00000cbb     0x4129 CMakeFiles/DHT11.elf.dir/Drivers/STM32F1xx_HAL_Driver/Src/stm32f1xx_hal_i2c.c.obj
 .debug_loc     0x00004de4      0x5e7 CMakeFiles/DHT11.elf.dir/Drivers/STM32F1xx_HAL_Driver/Src/stm32f1xx_hal_rcc.c.obj
 .debug_loc     0x000053cb     0x4fb2 CMakeFiles/DHT11.elf.dir/Drivers/STM32F1xx_HAL_Driver/Src/stm32f1xx_hal_tim.c.obj
 .debug_loc     0x0000a37d     0x1c5a CMakeFiles/DHT11.elf.dir/Drivers/STM32F1xx_HAL_Driver/Src/stm32f1xx_hal_tim_ex.c.obj
 .debug_loc     0x0000bfd7     0x487b CMakeFiles/DHT11.elf.dir/Drivers/STM32F1xx_HAL_Driver/Src/stm32f1xx_hal_uart.c.obj
 .debug_loc     0x00010852      0x19f CMakeFiles/DHT11.elf.dir/Src/bh1750.c.obj
 .debug_loc     0x000109f1      0x174 CMakeFiles/DHT11.elf.dir/Src/dht11.c.obj
 .debug_loc     0x00010b65       0x67 CMakeFiles/DHT11.elf.dir/Src/i2c.c.obj
 .debug_loc     0x00010bcc       0x2c CMakeFiles/DHT11.elf.dir/Src/main.c.obj
 .debug_loc     0x00010bf8       0x15 CMakeFiles/DHT11.elf.dir/Src/stm32f1xx_hal_msp.c.obj
 .debug_loc     0x00010c0d      0x436 CMakeFiles/DHT11.elf.dir/Src/syscalls.c.obj
 .debug_loc     0x00011043       0xff CMakeFiles/DHT11.elf.dir/Src/system_stm32f1xx.c.obj
 .debug_loc     0x00011142       0xa3 CMakeFiles/DHT11.elf.dir/Src/tim.c.obj
 .debug_loc     0x000111e5       0xa7 CMakeFiles/DHT11.elf.dir/Src/usart.c.obj

.debug_aranges  0x00000000      0xf80
 .debug_aranges
                0x00000000       0xe0 CMakeFiles/DHT11.elf.dir/Drivers/STM32F1xx_HAL_Driver/Src/stm32f1xx_hal.c.obj
 .debug_aranges
                0x000000e0       0x90 CMakeFiles/DHT11.elf.dir/Drivers/STM32F1xx_HAL_Driver/Src/stm32f1xx_hal_cortex.c.obj
 .debug_aranges
                0x00000170       0x58 CMakeFiles/DHT11.elf.dir/Drivers/STM32F1xx_HAL_Driver/Src/stm32f1xx_hal_gpio.c.obj
 .debug_aranges
                0x000001c8      0x2a8 CMakeFiles/DHT11.elf.dir/Drivers/STM32F1xx_HAL_Driver/Src/stm32f1xx_hal_i2c.c.obj
 .debug_aranges
                0x00000470       0x90 CMakeFiles/DHT11.elf.dir/Drivers/STM32F1xx_HAL_Driver/Src/stm32f1xx_hal_rcc.c.obj
 .debug_aranges
                0x00000500      0x3d0 CMakeFiles/DHT11.elf.dir/Drivers/STM32F1xx_HAL_Driver/Src/stm32f1xx_hal_tim.c.obj
 .debug_aranges
                0x000008d0      0x168 CMakeFiles/DHT11.elf.dir/Drivers/STM32F1xx_HAL_Driver/Src/stm32f1xx_hal_tim_ex.c.obj
 .debug_aranges
                0x00000a38      0x208 CMakeFiles/DHT11.elf.dir/Drivers/STM32F1xx_HAL_Driver/Src/stm32f1xx_hal_uart.c.obj
 .debug_aranges
                0x00000c40       0x68 CMakeFiles/DHT11.elf.dir/Src/bh1750.c.obj
 .debug_aranges
                0x00000ca8       0x50 CMakeFiles/DHT11.elf.dir/Src/dht11.c.obj
 .debug_aranges
                0x00000cf8       0x20 CMakeFiles/DHT11.elf.dir/Src/gpio.c.obj
 .debug_aranges
                0x00000d18       0x30 CMakeFiles/DHT11.elf.dir/Src/i2c.c.obj
 .debug_aranges
                0x00000d48       0x30 CMakeFiles/DHT11.elf.dir/Src/main.c.obj
 .debug_aranges
                0x00000d78       0x20 CMakeFiles/DHT11.elf.dir/Src/stm32f1xx_hal_msp.c.obj
 .debug_aranges
                0x00000d98       0x60 CMakeFiles/DHT11.elf.dir/Src/stm32f1xx_it.c.obj
 .debug_aranges
                0x00000df8       0xb0 CMakeFiles/DHT11.elf.dir/Src/syscalls.c.obj
 .debug_aranges
                0x00000ea8       0x28 CMakeFiles/DHT11.elf.dir/Src/system_stm32f1xx.c.obj
 .debug_aranges
                0x00000ed0       0x50 CMakeFiles/DHT11.elf.dir/Src/tim.c.obj
 .debug_aranges
                0x00000f20       0x38 CMakeFiles/DHT11.elf.dir/Src/usart.c.obj
 .debug_aranges
                0x00000f58       0x28 CMakeFiles/DHT11.elf.dir/startup/startup_stm32f103xe.s.obj

.debug_ranges   0x00000000      0xf10
 .debug_ranges  0x00000000       0xd0 CMakeFiles/DHT11.elf.dir/Drivers/STM32F1xx_HAL_Driver/Src/stm32f1xx_hal.c.obj
 .debug_ranges  0x000000d0       0xe0 CMakeFiles/DHT11.elf.dir/Drivers/STM32F1xx_HAL_Driver/Src/stm32f1xx_hal_cortex.c.obj
 .debug_ranges  0x000001b0       0x48 CMakeFiles/DHT11.elf.dir/Drivers/STM32F1xx_HAL_Driver/Src/stm32f1xx_hal_gpio.c.obj
 .debug_ranges  0x000001f8      0x2b0 CMakeFiles/DHT11.elf.dir/Drivers/STM32F1xx_HAL_Driver/Src/stm32f1xx_hal_i2c.c.obj
 .debug_ranges  0x000004a8       0xa0 CMakeFiles/DHT11.elf.dir/Drivers/STM32F1xx_HAL_Driver/Src/stm32f1xx_hal_rcc.c.obj
 .debug_ranges  0x00000548      0x3c0 CMakeFiles/DHT11.elf.dir/Drivers/STM32F1xx_HAL_Driver/Src/stm32f1xx_hal_tim.c.obj
 .debug_ranges  0x00000908      0x158 CMakeFiles/DHT11.elf.dir/Drivers/STM32F1xx_HAL_Driver/Src/stm32f1xx_hal_tim_ex.c.obj
 .debug_ranges  0x00000a60      0x210 CMakeFiles/DHT11.elf.dir/Drivers/STM32F1xx_HAL_Driver/Src/stm32f1xx_hal_uart.c.obj
 .debug_ranges  0x00000c70       0x58 CMakeFiles/DHT11.elf.dir/Src/bh1750.c.obj
 .debug_ranges  0x00000cc8       0x58 CMakeFiles/DHT11.elf.dir/Src/dht11.c.obj
 .debug_ranges  0x00000d20       0x10 CMakeFiles/DHT11.elf.dir/Src/gpio.c.obj
 .debug_ranges  0x00000d30       0x20 CMakeFiles/DHT11.elf.dir/Src/i2c.c.obj
 .debug_ranges  0x00000d50       0x20 CMakeFiles/DHT11.elf.dir/Src/main.c.obj
 .debug_ranges  0x00000d70       0x10 CMakeFiles/DHT11.elf.dir/Src/stm32f1xx_hal_msp.c.obj
 .debug_ranges  0x00000d80       0x50 CMakeFiles/DHT11.elf.dir/Src/stm32f1xx_it.c.obj
 .debug_ranges  0x00000dd0       0xa0 CMakeFiles/DHT11.elf.dir/Src/syscalls.c.obj
 .debug_ranges  0x00000e70       0x18 CMakeFiles/DHT11.elf.dir/Src/system_stm32f1xx.c.obj
 .debug_ranges  0x00000e88       0x40 CMakeFiles/DHT11.elf.dir/Src/tim.c.obj
 .debug_ranges  0x00000ec8       0x28 CMakeFiles/DHT11.elf.dir/Src/usart.c.obj
 .debug_ranges  0x00000ef0       0x20 CMakeFiles/DHT11.elf.dir/startup/startup_stm32f103xe.s.obj

.debug_line     0x00000000    0x14d46
 .debug_line    0x00000000      0x566 CMakeFiles/DHT11.elf.dir/Drivers/STM32F1xx_HAL_Driver/Src/stm32f1xx_hal.c.obj
 .debug_line    0x00000566      0x6bc CMakeFiles/DHT11.elf.dir/Drivers/STM32F1xx_HAL_Driver/Src/stm32f1xx_hal_cortex.c.obj
 .debug_line    0x00000c22      0x67c CMakeFiles/DHT11.elf.dir/Drivers/STM32F1xx_HAL_Driver/Src/stm32f1xx_hal_gpio.c.obj
 .debug_line    0x0000129e     0x5628 CMakeFiles/DHT11.elf.dir/Drivers/STM32F1xx_HAL_Driver/Src/stm32f1xx_hal_i2c.c.obj
 .debug_line    0x000068c6      0xc75 CMakeFiles/DHT11.elf.dir/Drivers/STM32F1xx_HAL_Driver/Src/stm32f1xx_hal_rcc.c.obj
 .debug_line    0x0000753b     0x4aee CMakeFiles/DHT11.elf.dir/Drivers/STM32F1xx_HAL_Driver/Src/stm32f1xx_hal_tim.c.obj
 .debug_line    0x0000c029     0x1ce0 CMakeFiles/DHT11.elf.dir/Drivers/STM32F1xx_HAL_Driver/Src/stm32f1xx_hal_tim_ex.c.obj
 .debug_line    0x0000dd09     0x43fd CMakeFiles/DHT11.elf.dir/Drivers/STM32F1xx_HAL_Driver/Src/stm32f1xx_hal_uart.c.obj
 .debug_line    0x00012106      0x587 CMakeFiles/DHT11.elf.dir/Src/bh1750.c.obj
 .debug_line    0x0001268d      0x4f8 CMakeFiles/DHT11.elf.dir/Src/dht11.c.obj
 .debug_line    0x00012b85      0x249 CMakeFiles/DHT11.elf.dir/Src/gpio.c.obj
 .debug_line    0x00012dce      0x36a CMakeFiles/DHT11.elf.dir/Src/i2c.c.obj
 .debug_line    0x00013138      0x50c CMakeFiles/DHT11.elf.dir/Src/main.c.obj
 .debug_line    0x00013644      0x21d CMakeFiles/DHT11.elf.dir/Src/stm32f1xx_hal_msp.c.obj
 .debug_line    0x00013861      0x2e9 CMakeFiles/DHT11.elf.dir/Src/stm32f1xx_it.c.obj
 .debug_line    0x00013b4a      0x522 CMakeFiles/DHT11.elf.dir/Src/syscalls.c.obj
 .debug_line    0x0001406c      0x2d1 CMakeFiles/DHT11.elf.dir/Src/system_stm32f1xx.c.obj
 .debug_line    0x0001433d      0x5d2 CMakeFiles/DHT11.elf.dir/Src/tim.c.obj
 .debug_line    0x0001490f      0x3a4 CMakeFiles/DHT11.elf.dir/Src/usart.c.obj
 .debug_line    0x00014cb3       0x93 CMakeFiles/DHT11.elf.dir/startup/startup_stm32f103xe.s.obj

.debug_str      0x00000000     0x499e
 .debug_str     0x00000000      0x932 CMakeFiles/DHT11.elf.dir/Drivers/STM32F1xx_HAL_Driver/Src/stm32f1xx_hal.c.obj
                                0x99b (size before relaxing)
 .debug_str     0x00000932      0x3d8 CMakeFiles/DHT11.elf.dir/Drivers/STM32F1xx_HAL_Driver/Src/stm32f1xx_hal_cortex.c.obj
                                0xab7 (size before relaxing)
 .debug_str     0x00000d0a      0x1dc CMakeFiles/DHT11.elf.dir/Drivers/STM32F1xx_HAL_Driver/Src/stm32f1xx_hal_gpio.c.obj
                                0x524 (size before relaxing)
 .debug_str     0x00000ee6      0xd53 CMakeFiles/DHT11.elf.dir/Drivers/STM32F1xx_HAL_Driver/Src/stm32f1xx_hal_i2c.c.obj
                               0x10c7 (size before relaxing)
 .debug_str     0x00001c39      0x31d CMakeFiles/DHT11.elf.dir/Drivers/STM32F1xx_HAL_Driver/Src/stm32f1xx_hal_rcc.c.obj
                                0x706 (size before relaxing)
 .debug_str     0x00001f56     0x11ba CMakeFiles/DHT11.elf.dir/Drivers/STM32F1xx_HAL_Driver/Src/stm32f1xx_hal_tim.c.obj
                               0x1763 (size before relaxing)
 .debug_str     0x00003110      0x5a7 CMakeFiles/DHT11.elf.dir/Drivers/STM32F1xx_HAL_Driver/Src/stm32f1xx_hal_tim_ex.c.obj
                                0xf64 (size before relaxing)
 .debug_str     0x000036b7      0x83b CMakeFiles/DHT11.elf.dir/Drivers/STM32F1xx_HAL_Driver/Src/stm32f1xx_hal_uart.c.obj
                                0xe06 (size before relaxing)
 .debug_str     0x00003ef2       0xfb CMakeFiles/DHT11.elf.dir/Src/bh1750.c.obj
                                0x8e3 (size before relaxing)
 .debug_str     0x00003fed       0x90 CMakeFiles/DHT11.elf.dir/Src/dht11.c.obj
                                0x893 (size before relaxing)
 .debug_str     0x0000407d       0x2e CMakeFiles/DHT11.elf.dir/Src/gpio.c.obj
                                0x36e (size before relaxing)
 .debug_str     0x000040ab       0x4b CMakeFiles/DHT11.elf.dir/Src/i2c.c.obj
                                0x841 (size before relaxing)
 .debug_str     0x000040f6      0x443 CMakeFiles/DHT11.elf.dir/Src/main.c.obj
                               0x1256 (size before relaxing)
 .debug_str     0x00004539       0x2e CMakeFiles/DHT11.elf.dir/Src/stm32f1xx_hal_msp.c.obj
                                0x33e (size before relaxing)
 .debug_str     0x00004567       0xb9 CMakeFiles/DHT11.elf.dir/Src/stm32f1xx_it.c.obj
                                0x355 (size before relaxing)
 .debug_str     0x00004620      0x279 CMakeFiles/DHT11.elf.dir/Src/syscalls.c.obj
                                0x868 (size before relaxing)
 .debug_str     0x00004899       0x60 CMakeFiles/DHT11.elf.dir/Src/system_stm32f1xx.c.obj
                                0x335 (size before relaxing)
 .debug_str     0x000048f9       0x36 CMakeFiles/DHT11.elf.dir/Src/tim.c.obj
                                0x977 (size before relaxing)
 .debug_str     0x0000492f       0x2d CMakeFiles/DHT11.elf.dir/Src/usart.c.obj
                                0x7ec (size before relaxing)
 .debug_str     0x0000495c       0x42 CMakeFiles/DHT11.elf.dir/startup/startup_stm32f103xe.s.obj
                                 0x6a (size before relaxing)

.comment        0x00000000       0x79
 .comment       0x00000000       0x79 CMakeFiles/DHT11.elf.dir/Drivers/STM32F1xx_HAL_Driver/Src/stm32f1xx_hal.c.obj
                                 0x7a (size before relaxing)
 .comment       0x00000079       0x7a CMakeFiles/DHT11.elf.dir/Drivers/STM32F1xx_HAL_Driver/Src/stm32f1xx_hal_cortex.c.obj
 .comment       0x00000079       0x7a CMakeFiles/DHT11.elf.dir/Drivers/STM32F1xx_HAL_Driver/Src/stm32f1xx_hal_gpio.c.obj
 .comment       0x00000079       0x7a CMakeFiles/DHT11.elf.dir/Drivers/STM32F1xx_HAL_Driver/Src/stm32f1xx_hal_i2c.c.obj
 .comment       0x00000079       0x7a CMakeFiles/DHT11.elf.dir/Drivers/STM32F1xx_HAL_Driver/Src/stm32f1xx_hal_rcc.c.obj
 .comment       0x00000079       0x7a CMakeFiles/DHT11.elf.dir/Drivers/STM32F1xx_HAL_Driver/Src/stm32f1xx_hal_tim.c.obj
 .comment       0x00000079       0x7a CMakeFiles/DHT11.elf.dir/Drivers/STM32F1xx_HAL_Driver/Src/stm32f1xx_hal_tim_ex.c.obj
 .comment       0x00000079       0x7a CMakeFiles/DHT11.elf.dir/Drivers/STM32F1xx_HAL_Driver/Src/stm32f1xx_hal_uart.c.obj
 .comment       0x00000079       0x7a CMakeFiles/DHT11.elf.dir/Src/bh1750.c.obj
 .comment       0x00000079       0x7a CMakeFiles/DHT11.elf.dir/Src/dht11.c.obj
 .comment       0x00000079       0x7a CMakeFiles/DHT11.elf.dir/Src/gpio.c.obj
 .comment       0x00000079       0x7a CMakeFiles/DHT11.elf.dir/Src/i2c.c.obj
 .comment       0x00000079       0x7a CMakeFiles/DHT11.elf.dir/Src/main.c.obj
 .comment       0x00000079       0x7a CMakeFiles/DHT11.elf.dir/Src/stm32f1xx_hal_msp.c.obj
 .comment       0x00000079       0x7a CMakeFiles/DHT11.elf.dir/Src/stm32f1xx_it.c.obj
 .comment       0x00000079       0x7a CMakeFiles/DHT11.elf.dir/Src/syscalls.c.obj
 .comment       0x00000079       0x7a CMakeFiles/DHT11.elf.dir/Src/system_stm32f1xx.c.obj
 .comment       0x00000079       0x7a CMakeFiles/DHT11.elf.dir/Src/tim.c.obj
 .comment       0x00000079       0x7a CMakeFiles/DHT11.elf.dir/Src/usart.c.obj

.debug_frame    0x00000000     0x3e9c
 .debug_frame   0x00000000      0x1cc CMakeFiles/DHT11.elf.dir/Drivers/STM32F1xx_HAL_Driver/Src/stm32f1xx_hal.c.obj
 .debug_frame   0x000001cc      0x12c CMakeFiles/DHT11.elf.dir/Drivers/STM32F1xx_HAL_Driver/Src/stm32f1xx_hal_cortex.c.obj
 .debug_frame   0x000002f8       0xe8 CMakeFiles/DHT11.elf.dir/Drivers/STM32F1xx_HAL_Driver/Src/stm32f1xx_hal_gpio.c.obj
 .debug_frame   0x000003e0      0x988 CMakeFiles/DHT11.elf.dir/Drivers/STM32F1xx_HAL_Driver/Src/stm32f1xx_hal_i2c.c.obj
 .debug_frame   0x00000d68      0x184 CMakeFiles/DHT11.elf.dir/Drivers/STM32F1xx_HAL_Driver/Src/stm32f1xx_hal_rcc.c.obj
 .debug_frame   0x00000eec      0xb24 CMakeFiles/DHT11.elf.dir/Drivers/STM32F1xx_HAL_Driver/Src/stm32f1xx_hal_tim.c.obj
 .debug_frame   0x00001a10      0x420 CMakeFiles/DHT11.elf.dir/Drivers/STM32F1xx_HAL_Driver/Src/stm32f1xx_hal_tim_ex.c.obj
 .debug_frame   0x00001e30      0x5d8 CMakeFiles/DHT11.elf.dir/Drivers/STM32F1xx_HAL_Driver/Src/stm32f1xx_hal_uart.c.obj
 .debug_frame   0x00002408      0x124 CMakeFiles/DHT11.elf.dir/Src/bh1750.c.obj
 .debug_frame   0x0000252c       0xd4 CMakeFiles/DHT11.elf.dir/Src/dht11.c.obj
 .debug_frame   0x00002600       0x2c CMakeFiles/DHT11.elf.dir/Src/gpio.c.obj
 .debug_frame   0x0000262c       0x60 CMakeFiles/DHT11.elf.dir/Src/i2c.c.obj
 .debug_frame   0x0000268c       0x5c CMakeFiles/DHT11.elf.dir/Src/main.c.obj
 .debug_frame   0x000026e8       0x28 CMakeFiles/DHT11.elf.dir/Src/stm32f1xx_hal_msp.c.obj
 .debug_frame   0x00002710       0xa8 CMakeFiles/DHT11.elf.dir/Src/stm32f1xx_it.c.obj
 .debug_frame   0x000027b8      0x1a8 CMakeFiles/DHT11.elf.dir/Src/syscalls.c.obj
 .debug_frame   0x00002960       0x30 CMakeFiles/DHT11.elf.dir/Src/system_stm32f1xx.c.obj
 .debug_frame   0x00002990       0xac CMakeFiles/DHT11.elf.dir/Src/tim.c.obj
 .debug_frame   0x00002a3c       0x7c CMakeFiles/DHT11.elf.dir/Src/usart.c.obj
 .debug_frame   0x00002ab8       0xac d:/stm32/gcc-arm-none-eabi-9-2019-q4-major-win32/bin/../lib/gcc/arm-none-eabi/9.2.1/thumb/v7-m/nofp\libgcc.a(_arm_addsubdf3.o)
 .debug_frame   0x00002b64       0x50 d:/stm32/gcc-arm-none-eabi-9-2019-q4-major-win32/bin/../lib/gcc/arm-none-eabi/9.2.1/thumb/v7-m/nofp\libgcc.a(_arm_muldivdf3.o)